This is pdfTeX, Version 3.141592653-2.6-1.40.28 (MiKTeX 25.12) (preloaded format=pdflatex 2026.6.11)  16 JUL 2026 23:04
entering extended mode
 restricted \write18 enabled.
 %&-line parsing enabled.
**./main.tex
(main.tex
LaTeX2e <2025-11-01>
L3 programming layer <2025-12-24>
(C:\Users\franc\AppData\Local\Programs\MiKTeX\tex/latex/base\article.cls
Document Class: article 2025/01/22 v1.4n Standard LaTeX document class
(C:\Users\franc\AppData\Local\Programs\MiKTeX\tex/latex/base\size12.clo
File: size12.clo 2025/01/22 v1.4n Standard LaTeX file (size option)
)
\c@part=\count275
\c@section=\count276
\c@subsection=\count277
\c@subsubsection=\count278
\c@paragraph=\count279
\c@subparagraph=\count280
\c@figure=\count281
\c@table=\count282
\abovecaptionskip=\skip49
\belowcaptionskip=\skip50
\bibindent=\dimen148
)
(C:\Users\franc\AppData\Local\Programs\MiKTeX\tex/latex/base\inputenc.sty
Package: inputenc 2024/02/08 v1.3d Input encoding file
\inpenc@prehook=\toks17
\inpenc@posthook=\toks18
)
(C:\Users\franc\AppData\Local\Programs\MiKTeX\tex/latex/base\fontenc.sty
Package: fontenc 2025/07/18 v2.1d Standard LaTeX package
)
(C:\Users\franc\AppData\Local\Programs\MiKTeX\tex/generic/babel\babel.sty
Package: babel 2025/12/11 v25.17 The multilingual framework for LuaLaTeX, pdfLa
TeX and XeLaTeX
\babel@savecnt=\count283
LaTeX Encoding Info:    Redeclaring text command \ij (encoding OT1) on input li
ne 2068.
LaTeX Encoding Info:    Redeclaring text command \IJ (encoding OT1) on input li
ne 2070.
LaTeX Encoding Info:    Redeclaring text command \ij (encoding T1) on input lin
e 2072.
LaTeX Encoding Info:    Redeclaring text command \IJ (encoding T1) on input lin
e 2073.
LaTeX Encoding Info:    Ignoring declaration for text command \ij (encoding ?) 
on input line 2074.
LaTeX Encoding Info:    Ignoring declaration for text command \IJ (encoding ?) 
on input line 2076.
LaTeX Encoding Info:    Ignoring declaration for text command \SS (encoding ?) 
on input line 2101.
\U@D=\dimen149
\l@unhyphenated=\language79

(C:\Users\franc\AppData\Local\Programs\MiKTeX\tex/generic/babel\txtbabel.def)
\bbl@readstream=\read2
\bbl@dirlevel=\count284
Package babel Info: Configuration files are deprecated, as
(babel)             they can break document portability.
(babel)             Reported on input line 4196.

*************************************
* Local config file bblopts.cfg used
*
(C:\Users\franc\AppData\Local\Programs\MiKTeX\tex/latex/arabi\bblopts.cfg
File: bblopts.cfg 2005/09/08 v0.1 add Arabic and Farsi to "declared" options of
 babel
)
(C:\Users\franc\AppData\Local\Programs\MiKTeX\tex/generic/babel/locale/invalid\
babel-brazil.tex)

Package babel Warning: Name 'brazil' is deprecated.
(babel)                Use 'brazilian' instead.
(babel)                Reported on input line 4320.

Package babel Info: Importing font and identification data for brazil
(babel)             from babel-pt-BR.ini. Reported on input line 4320.

(C:\Users\franc\AppData\Local\Programs\MiKTeX\tex/latex/babel-portuges\brazilia
n.ldf
Language: portuges 2026/01/24 v1.2u Portuguese support from the babel system
Package babel Info: Hyphen rules for 'brazil' set to \l@portuguese
(babel)             (\language56). Reported on input line 100.
Package babel Info: Making " an active character on input line 132.
))
(C:\Users\franc\AppData\Local\Programs\MiKTeX\tex/latex/psnfss\helvet.sty
Package: helvet 2020/03/25 PSNFSS-v9.3 (WaS) 

(C:\Users\franc\AppData\Local\Programs\MiKTeX\tex/latex/graphics\keyval.sty
Package: keyval 2022/05/29 v1.15 key=value parser (DPC)
\KV@toks@=\toks19
))
(C:\Users\franc\AppData\Local\Programs\MiKTeX\tex/latex/setspace\setspace.sty
Package: setspace 2022/12/04 v6.7b set line spacing
)
(C:\Users\franc\AppData\Local\Programs\MiKTeX\tex/latex/geometry\geometry.sty
Package: geometry 2026/03/07 v6.0 Page Geometry

(C:\Users\franc\AppData\Local\Programs\MiKTeX\tex/generic/iftex\ifvtex.sty
Package: ifvtex 2019/10/25 v1.7 ifvtex legacy package. Use iftex instead.

(C:\Users\franc\AppData\Local\Programs\MiKTeX\tex/generic/iftex\iftex.sty
Package: iftex 2024/12/12 v1.0g TeX engine tests
))
\Gm@cnth=\count285
\Gm@cntv=\count286
\c@Gm@tempcnt=\count287
\Gm@bindingoffset=\dimen150
\Gm@wd@mp=\dimen151
\Gm@odd@mp=\dimen152
\Gm@even@mp=\dimen153
\Gm@layoutwidth=\dimen154
\Gm@layoutheight=\dimen155
\Gm@layouthoffset=\dimen156
\Gm@layoutvoffset=\dimen157
\Gm@dimlist=\toks20

(C:\Users\franc\AppData\Local\Programs\MiKTeX\tex/latex/geometry\geometry.cfg))
(C:\Users\franc\AppData\Local\Programs\MiKTeX\tex/latex/graphics\graphicx.sty
Package: graphicx 2024/12/31 v1.2e Enhanced LaTeX Graphics (DPC,SPQR)

(C:\Users\franc\AppData\Local\Programs\MiKTeX\tex/latex/graphics\graphics.sty
Package: graphics 2024/08/06 v1.4g Standard LaTeX Graphics (DPC,SPQR)

(C:\Users\franc\AppData\Local\Programs\MiKTeX\tex/latex/graphics\trig.sty
Package: trig 2023/12/02 v1.11 sin cos tan (DPC)
)
(C:\Users\franc\AppData\Local\Programs\MiKTeX\tex/latex/graphics-cfg\graphics.c
fg
File: graphics.cfg 2016/06/04 v1.11 sample graphics configuration
)
Package graphics Info: Driver file: pdftex.def on input line 106.

(C:\Users\franc\AppData\Local\Programs\MiKTeX\tex/latex/graphics-def\pdftex.def
File: pdftex.def 2025/09/29 v1.2d Graphics/color driver for pdftex
))
\Gin@req@height=\dimen158
\Gin@req@width=\dimen159
) (C:\Users\franc\AppData\Local\Programs\MiKTeX\tex/latex/float\float.sty
Package: float 2001/11/08 v1.3d Float enhancements (AL)
\c@float@type=\count288
\float@exts=\toks21
\float@box=\box53
\@float@everytoks=\toks22
\@floatcapt=\box54
)
(C:\Users\franc\AppData\Local\Programs\MiKTeX\tex/latex/listings\listings.sty
\lst@mode=\count289
\lst@gtempboxa=\box55
\lst@token=\toks23
\lst@length=\count290
\lst@currlwidth=\dimen160
\lst@column=\count291
\lst@pos=\count292
\lst@lostspace=\dimen161
\lst@width=\dimen162
\lst@newlines=\count293
\lst@lineno=\count294
\lst@maxwidth=\dimen163

(C:\Users\franc\AppData\Local\Programs\MiKTeX\tex/latex/listings\lstpatch.sty
File: lstpatch.sty 2025/11/14 1.11b (Carsten Heinz)
)
(C:\Users\franc\AppData\Local\Programs\MiKTeX\tex/latex/listings\lstmisc.sty
File: lstmisc.sty 2025/11/14 1.11b (Carsten Heinz)
\c@lstnumber=\count295
\lst@skipnumbers=\count296
\lst@framebox=\box56
)
(C:\Users\franc\AppData\Local\Programs\MiKTeX\tex/latex/listings\listings.cfg
File: listings.cfg 2025/11/14 1.11b listings configuration
))
Package: listings 2025/11/14 1.11b (Carsten Heinz)
==> First Aid for listings.sty no longer applied!
    Expected:
        2024/09/23 1.10c (Carsten Heinz)
    but found:
        2025/11/14 1.11b (Carsten Heinz)
    so I'm assuming it got fixed.
(C:\Users\franc\AppData\Local\Programs\MiKTeX\tex/latex/xcolor\xcolor.sty
Package: xcolor 2024/09/29 v3.02 LaTeX color extensions (UK)

(C:\Users\franc\AppData\Local\Programs\MiKTeX\tex/latex/graphics-cfg\color.cfg
File: color.cfg 2016/01/02 v1.6 sample color configuration
)
Package xcolor Info: Driver file: pdftex.def on input line 274.
(C:\Users\franc\AppData\Local\Programs\MiKTeX\tex/latex/graphics\mathcolor.ltx)
Package xcolor Info: Model `cmy' substituted by `cmy0' on input line 1349.
Package xcolor Info: Model `hsb' substituted by `rgb' on input line 1353.
Package xcolor Info: Model `RGB' extended on input line 1365.
Package xcolor Info: Model `HTML' substituted by `rgb' on input line 1367.
Package xcolor Info: Model `Hsb' substituted by `hsb' on input line 1368.
Package xcolor Info: Model `tHsb' substituted by `hsb' on input line 1369.
Package xcolor Info: Model `HSB' substituted by `hsb' on input line 1370.
Package xcolor Info: Model `Gray' substituted by `gray' on input line 1371.
Package xcolor Info: Model `wave' substituted by `hsb' on input line 1372.
) (C:\Users\franc\AppData\Local\Programs\MiKTeX\tex/latex/seqsplit\seqsplit.sty
Package: seqsplit 2006/08/07 v0.1 Splitting long sequences (DNA, RNA, proteins,
 etc.) 
) (C:\Users\franc\AppData\Local\Programs\MiKTeX\tex/latex/caption\caption.sty
Package: caption 2023/08/05 v3.6o Customizing captions (AR)

(C:\Users\franc\AppData\Local\Programs\MiKTeX\tex/latex/caption\caption3.sty
Package: caption3 2023/07/31 v2.4d caption3 kernel (AR)
\caption@tempdima=\dimen164
\captionmargin=\dimen165
\caption@leftmargin=\dimen166
\caption@rightmargin=\dimen167
\caption@width=\dimen168
\caption@indent=\dimen169
\caption@parindent=\dimen170
\caption@hangindent=\dimen171
Package caption Info: Standard document class detected.
)
\c@caption@flags=\count297
\c@continuedfloat=\count298
Package caption Info: float package is loaded.
Package caption Info: listings package is loaded.
)
(C:\Users\franc\AppData\Local\Programs\MiKTeX\tex/latex/booktabs\booktabs.sty
Package: booktabs 2020/01/12 v1.61803398 Publication quality tables
\heavyrulewidth=\dimen172
\lightrulewidth=\dimen173
\cmidrulewidth=\dimen174
\belowrulesep=\dimen175
\belowbottomsep=\dimen176
\aboverulesep=\dimen177
\abovetopsep=\dimen178
\cmidrulesep=\dimen179
\cmidrulekern=\dimen180
\defaultaddspace=\dimen181
\@cmidla=\count299
\@cmidlb=\count300
\@aboverulesep=\dimen182
\@belowrulesep=\dimen183
\@thisruleclass=\count301
\@lastruleclass=\count302
\@thisrulewidth=\dimen184
)
(C:\Users\franc\AppData\Local\Programs\MiKTeX\tex/latex/tools\longtable.sty
Package: longtable 2025-10-13 v4.24 Multi-page Table package (DPC)
\LTleft=\skip51
\LTright=\skip52
\LTpre=\skip53
\LTpost=\skip54
\LTchunksize=\count303
\LTcapwidth=\dimen185
\LT@head=\box57
\LT@firsthead=\box58
\LT@foot=\box59
\LT@lastfoot=\box60
\LT@gbox=\box61
\LT@cols=\count304
\LT@rows=\count305
\c@LT@tables=\count306
\c@LT@chunks=\count307
\LT@p@ftn=\toks24
)
(C:\Users\franc\AppData\Local\Programs\MiKTeX\tex/latex/xurl\xurl.sty
Package: xurl 2022/01/09 v 0.10 modify URL breaks

(C:\Users\franc\AppData\Local\Programs\MiKTeX\tex/latex/url\url.sty
\Urlmuskip=\muskip17
Package: url 2013/09/16  ver 3.4  Verb mode for urls, etc.
))
(C:\Users\franc\AppData\Local\Programs\MiKTeX\tex/latex/graphics\rotating.sty
Package: rotating 2025/01/14 v2.16e rotated objects in LaTeX

(C:\Users\franc\AppData\Local\Programs\MiKTeX\tex/latex/base\ifthen.sty
Package: ifthen 2024/03/16 v1.1e Standard LaTeX ifthen package (DPC)
)
\c@r@tfl@t=\count308
\rotFPtop=\skip55
\rotFPbot=\skip56
\rot@float@box=\box62
\rot@mess@toks=\toks25
)
(C:\Users\franc\AppData\Local\Programs\MiKTeX\tex/latex/pdflscape\pdflscape.sty
Package: pdflscape 2022-10-27 v0.13 Display of landscape pages in PDF

(C:\Users\franc\AppData\Local\Programs\MiKTeX\tex/latex/pdflscape\pdflscape-nom
etadata.sty
Package: pdflscape-nometadata 2022-10-28 v0.13 Display of landscape pages in PD
F (HO)

(C:\Users\franc\AppData\Local\Programs\MiKTeX\tex/latex/graphics\lscape.sty
Package: lscape 2020/05/28 v3.02 Landscape Pages (DPC)
)
Package pdflscape Info: Auto-detected driver: pdftex on input line 81.
))
(C:\Users\franc\AppData\Local\Programs\MiKTeX\tex/latex/hyperref\hyperref.sty
Package: hyperref 2025-07-12 v7.01o Hypertext links for LaTeX

(C:\Users\franc\AppData\Local\Programs\MiKTeX\tex/latex/kvsetkeys\kvsetkeys.sty
Package: kvsetkeys 2022-10-05 v1.19 Key value parser (HO)
)
(C:\Users\franc\AppData\Local\Programs\MiKTeX\tex/generic/kvdefinekeys\kvdefine
keys.sty
Package: kvdefinekeys 2019-12-19 v1.6 Define keys (HO)
)
(C:\Users\franc\AppData\Local\Programs\MiKTeX\tex/generic/pdfescape\pdfescape.s
ty
Package: pdfescape 2019/12/09 v1.15 Implements pdfTeX's escape features (HO)

(C:\Users\franc\AppData\Local\Programs\MiKTeX\tex/generic/ltxcmds\ltxcmds.sty
Package: ltxcmds 2023-12-04 v1.26 LaTeX kernel commands for general use (HO)
)
(C:\Users\franc\AppData\Local\Programs\MiKTeX\tex/generic/pdftexcmds\pdftexcmds
.sty
Package: pdftexcmds 2020-06-27 v0.33 Utility functions of pdfTeX for LuaTeX (HO
)

(C:\Users\franc\AppData\Local\Programs\MiKTeX\tex/generic/infwarerr\infwarerr.s
ty
Package: infwarerr 2019/12/03 v1.5 Providing info/warning/error messages (HO)
)
Package pdftexcmds Info: \pdf@primitive is available.
Package pdftexcmds Info: \pdf@ifprimitive is available.
Package pdftexcmds Info: \pdfdraftmode found.
))
(C:\Users\franc\AppData\Local\Programs\MiKTeX\tex/latex/hycolor\hycolor.sty
Package: hycolor 2020-01-27 v1.10 Color options for hyperref/bookmark (HO)
)
(C:\Users\franc\AppData\Local\Programs\MiKTeX\tex/latex/hyperref\nameref.sty
Package: nameref 2025-06-21 v2.57 Cross-referencing by name of section

(C:\Users\franc\AppData\Local\Programs\MiKTeX\tex/latex/refcount\refcount.sty
Package: refcount 2019/12/15 v3.6 Data extraction from label references (HO)
)
(C:\Users\franc\AppData\Local\Programs\MiKTeX\tex/generic/gettitlestring\gettit
lestring.sty
Package: gettitlestring 2019/12/15 v1.6 Cleanup title references (HO)

(C:\Users\franc\AppData\Local\Programs\MiKTeX\tex/latex/kvoptions\kvoptions.sty
Package: kvoptions 2022-06-15 v3.15 Key value format for package options (HO)
))
\c@section@level=\count309
)
(C:\Users\franc\AppData\Local\Programs\MiKTeX\tex/latex/etoolbox\etoolbox.sty
Package: etoolbox 2025/10/02 v2.5m e-TeX tools for LaTeX (JAW)
\etb@tempcnta=\count310
)
(C:\Users\franc\AppData\Local\Programs\MiKTeX\tex/generic/stringenc\stringenc.s
ty
Package: stringenc 2019/11/29 v1.12 Convert strings between diff. encodings (HO
)
)
\@linkdim=\dimen186
\Hy@linkcounter=\count311
\Hy@pagecounter=\count312
 (C:\Users\franc\AppData\Local\Programs\MiKTeX\tex/latex/hyperref\pd1enc.def
File: pd1enc.def 2025-07-12 v7.01o Hyperref: PDFDocEncoding definition (HO)
Now handling font encoding PD1 ...
... no UTF-8 mapping file for font encoding PD1
) (C:\Users\franc\AppData\Local\Programs\MiKTeX\tex/generic/intcalc\intcalc.sty
Package: intcalc 2019/12/15 v1.3 Expandable calculations with integers (HO)
)
\Hy@SavedSpaceFactor=\count313
 (C:\Users\franc\AppData\Local\Programs\MiKTeX\tex/latex/hyperref\puenc.def
File: puenc.def 2025-07-12 v7.01o Hyperref: PDF Unicode definition (HO)
Now handling font encoding PU ...
... no UTF-8 mapping file for font encoding PU
)
Package hyperref Info: Hyper figures OFF on input line 4195.
Package hyperref Info: Link nesting OFF on input line 4200.
Package hyperref Info: Hyper index ON on input line 4203.
Package hyperref Info: Plain pages OFF on input line 4210.
Package hyperref Info: Backreferencing OFF on input line 4215.
Package hyperref Info: Implicit mode ON; LaTeX internals redefined.
Package hyperref Info: Bookmarks ON on input line 4462.
\c@Hy@tempcnt=\count314
LaTeX Info: Redefining \url on input line 4801.
\XeTeXLinkMargin=\dimen187

(C:\Users\franc\AppData\Local\Programs\MiKTeX\tex/generic/bitset\bitset.sty
Package: bitset 2019/12/09 v1.3 Handle bit-vector datatype (HO)

(C:\Users\franc\AppData\Local\Programs\MiKTeX\tex/generic/bigintcalc\bigintcalc
.sty
Package: bigintcalc 2019/12/15 v1.5 Expandable calculations on big integers (HO
)
))
\Fld@menulength=\count315
\Field@Width=\dimen188
\Fld@charsize=\dimen189
Package hyperref Info: Hyper figures OFF on input line 6078.
Package hyperref Info: Link nesting OFF on input line 6083.
Package hyperref Info: Hyper index ON on input line 6086.
Package hyperref Info: backreferencing OFF on input line 6093.
Package hyperref Info: Link coloring OFF on input line 6098.
Package hyperref Info: Link coloring with OCG OFF on input line 6103.
Package hyperref Info: PDF/A mode OFF on input line 6108.
\Hy@abspage=\count316
\c@Item=\count317
\c@Hfootnote=\count318
)
Package hyperref Info: Driver (autodetected): hpdftex.

(C:\Users\franc\AppData\Local\Programs\MiKTeX\tex/latex/hyperref\hpdftex.def
File: hpdftex.def 2025-07-12 v7.01o Hyperref driver for pdfTeX
\Fld@listcount=\count319
\c@bookmark@seq@number=\count320

(C:\Users\franc\AppData\Local\Programs\MiKTeX\tex/latex/rerunfilecheck\rerunfil
echeck.sty
Package: rerunfilecheck 2025-06-21 v1.11 Rerun checks for auxiliary files (HO)

(C:\Users\franc\AppData\Local\Programs\MiKTeX\tex/generic/uniquecounter\uniquec
ounter.sty
Package: uniquecounter 2019/12/15 v1.4 Provide unlimited unique counter (HO)
)
Package uniquecounter Info: New unique counter `rerunfilecheck' on input line 2
84.
)
\Hy@SectionHShift=\skip57
)
(C:\Users\franc\AppData\Local\Programs\MiKTeX\tex/latex/fancyhdr\fancyhdr.sty
Package: fancyhdr 2025/02/07 v5.2 Extensive control of page headers and footers

\f@nch@headwidth=\skip58
\f@nch@offset@elh=\skip59
\f@nch@offset@erh=\skip60
\f@nch@offset@olh=\skip61
\f@nch@offset@orh=\skip62
\f@nch@offset@elf=\skip63
\f@nch@offset@erf=\skip64
\f@nch@offset@olf=\skip65
\f@nch@offset@orf=\skip66
\f@nch@height=\skip67
\f@nch@footalignment=\skip68
\f@nch@widthL=\skip69
\f@nch@widthC=\skip70
\f@nch@widthR=\skip71
\@temptokenb=\toks26
)
(C:\Users\franc\AppData\Local\Programs\MiKTeX\tex/latex/enumitem\enumitem.sty
Package: enumitem 2025/02/06 v3.11 Customized lists
\labelindent=\skip72
\enit@outerparindent=\dimen190
\enit@toks=\toks27
\enit@inbox=\box63
\enit@count@id=\count321
\enitdp@description=\count322
)
(C:\Users\franc\AppData\Local\Programs\MiKTeX\tex/latex/amsmath\amsmath.sty
Package: amsmath 2025/07/09 v2.17z AMS math features
\@mathmargin=\skip73

For additional information on amsmath, use the `?' option.
(C:\Users\franc\AppData\Local\Programs\MiKTeX\tex/latex/amsmath\amstext.sty
Package: amstext 2024/11/17 v2.01 AMS text

(C:\Users\franc\AppData\Local\Programs\MiKTeX\tex/latex/amsmath\amsgen.sty
File: amsgen.sty 1999/11/30 v2.0 generic functions
\@emptytoks=\toks28
\ex@=\dimen191
))
(C:\Users\franc\AppData\Local\Programs\MiKTeX\tex/latex/amsmath\amsbsy.sty
Package: amsbsy 1999/11/29 v1.2d Bold Symbols
\pmbraise@=\dimen192
)
(C:\Users\franc\AppData\Local\Programs\MiKTeX\tex/latex/amsmath\amsopn.sty
Package: amsopn 2022/04/08 v2.04 operator names
)
\inf@bad=\count323
LaTeX Info: Redefining \frac on input line 233.
\uproot@=\count324
\leftroot@=\count325
LaTeX Info: Redefining \overline on input line 398.
LaTeX Info: Redefining \colon on input line 409.
\classnum@=\count326
\DOTSCASE@=\count327
LaTeX Info: Redefining \ldots on input line 495.
LaTeX Info: Redefining \dots on input line 498.
LaTeX Info: Redefining \cdots on input line 619.
\Mathstrutbox@=\box64
\strutbox@=\box65
LaTeX Info: Redefining \big on input line 721.
LaTeX Info: Redefining \Big on input line 722.
LaTeX Info: Redefining \bigg on input line 723.
LaTeX Info: Redefining \Bigg on input line 724.
\big@size=\dimen193
LaTeX Font Info:    Redeclaring font encoding OML on input line 742.
LaTeX Font Info:    Redeclaring font encoding OMS on input line 743.
\macc@depth=\count328
LaTeX Info: Redefining \bmod on input line 904.
LaTeX Info: Redefining \pmod on input line 909.
LaTeX Info: Redefining \smash on input line 939.
LaTeX Info: Redefining \relbar on input line 969.
LaTeX Info: Redefining \Relbar on input line 970.
\c@MaxMatrixCols=\count329
\dotsspace@=\muskip18
\c@parentequation=\count330
\dspbrk@lvl=\count331
\tag@help=\toks29
\row@=\count332
\column@=\count333
\maxfields@=\count334
\andhelp@=\toks30
\eqnshift@=\dimen194
\alignsep@=\dimen195
\tagshift@=\dimen196
\tagwidth@=\dimen197
\totwidth@=\dimen198
\lineht@=\dimen199
\@envbody=\toks31
\multlinegap=\skip74
\multlinetaggap=\skip75
\mathdisplay@stack=\toks32
LaTeX Info: Redefining \[ on input line 2950.
LaTeX Info: Redefining \] on input line 2951.
)
(C:\Users\franc\AppData\Local\Programs\MiKTeX\tex/latex/amsfonts\amssymb.sty
Package: amssymb 2013/01/14 v3.01 AMS font symbols

(C:\Users\franc\AppData\Local\Programs\MiKTeX\tex/latex/amsfonts\amsfonts.sty
Package: amsfonts 2013/01/14 v3.01 Basic AMSFonts support
\symAMSa=\mathgroup4
\symAMSb=\mathgroup5
LaTeX Font Info:    Redeclaring math symbol \hbar on input line 98.
LaTeX Font Info:    Overwriting math alphabet `\mathfrak' in version `bold'
(Font)                  U/euf/m/n --> U/euf/b/n on input line 106.
)) (C:\Users\franc\AppData\Local\Programs\MiKTeX\tex/latex/tools\indentfirst.st
y
Package: indentfirst 2023/07/02 v1.03 Indent first paragraph (DPC)
) (C:\Users\franc\AppData\Local\Programs\MiKTeX\tex/latex/lipsum\lipsum.sty
(C:\Users\franc\AppData\Local\Programs\MiKTeX\tex/latex/l3packages/l3keys2e\l3k
eys2e.sty
(C:\Users\franc\AppData\Local\Programs\MiKTeX\tex/latex/l3kernel\expl3.sty
Package: expl3 2025-12-24 L3 programming layer (loader) 

(C:\Users\franc\AppData\Local\Programs\MiKTeX\tex/latex/l3backend\l3backend-pdf
tex.def
File: l3backend-pdftex.def 2025-10-09 L3 backend support: PDF output (pdfTeX)
\l__color_backend_stack_int=\count335
))
Package: l3keys2e 2025-10-09 LaTeX2e option processing using LaTeX3 keys
)
Package: lipsum 2021-09-20 v2.7 150 paragraphs of Lorem Ipsum dummy text
\g__lipsum_par_int=\count336
\l__lipsum_a_int=\count337
\l__lipsum_b_int=\count338

(C:\Users\franc\AppData\Local\Programs\MiKTeX\tex/latex/lipsum\lipsum.ltd.tex))

(C:\Users\franc\AppData\Local\Programs\MiKTeX\tex/latex/pgf/frontendlayer\tikz.
sty
(C:\Users\franc\AppData\Local\Programs\MiKTeX\tex/latex/pgf/basiclayer\pgf.sty
(C:\Users\franc\AppData\Local\Programs\MiKTeX\tex/latex/pgf/utilities\pgfrcs.st
y
(C:\Users\franc\AppData\Local\Programs\MiKTeX\tex/generic/pgf/utilities\pgfutil
-common.tex
\pgfutil@everybye=\toks33
\pgfutil@tempdima=\dimen256
\pgfutil@tempdimb=\dimen257
)
(C:\Users\franc\AppData\Local\Programs\MiKTeX\tex/generic/pgf/utilities\pgfutil
-latex.def
\pgfutil@abb=\box66
)
(C:\Users\franc\AppData\Local\Programs\MiKTeX\tex/generic/pgf/utilities\pgfrcs.
code.tex
(C:\Users\franc\AppData\Local\Programs\MiKTeX\tex/generic/pgf\pgf.revision.tex)
Package: pgfrcs 2025-08-29 v3.1.11a (3.1.11a)
))
Package: pgf 2025-08-29 v3.1.11a (3.1.11a)

(C:\Users\franc\AppData\Local\Programs\MiKTeX\tex/latex/pgf/basiclayer\pgfcore.
sty
(C:\Users\franc\AppData\Local\Programs\MiKTeX\tex/latex/pgf/systemlayer\pgfsys.
sty
(C:\Users\franc\AppData\Local\Programs\MiKTeX\tex/generic/pgf/systemlayer\pgfsy
s.code.tex
Package: pgfsys 2025-08-29 v3.1.11a (3.1.11a)

(C:\Users\franc\AppData\Local\Programs\MiKTeX\tex/generic/pgf/utilities\pgfkeys
.code.tex
\pgfkeys@pathtoks=\toks34
\pgfkeys@temptoks=\toks35

(C:\Users\franc\AppData\Local\Programs\MiKTeX\tex/generic/pgf/utilities\pgfkeys
libraryfiltered.code.tex
\pgfkeys@tmptoks=\toks36
))
\pgf@x=\dimen258
\pgf@y=\dimen259
\pgf@xa=\dimen260
\pgf@ya=\dimen261
\pgf@xb=\dimen262
\pgf@yb=\dimen263
\pgf@xc=\dimen264
\pgf@yc=\dimen265
\pgf@xd=\dimen266
\pgf@yd=\dimen267
\w@pgf@writea=\write3
\r@pgf@reada=\read3
\c@pgf@counta=\count339
\c@pgf@countb=\count340
\c@pgf@countc=\count341
\c@pgf@countd=\count342
\t@pgf@toka=\toks37
\t@pgf@tokb=\toks38
\t@pgf@tokc=\toks39
\pgf@sys@id@count=\count343

(C:\Users\franc\AppData\Local\Programs\MiKTeX\tex/generic/pgf/systemlayer\pgf.c
fg
File: pgf.cfg 2025-08-29 v3.1.11a (3.1.11a)
)
Driver file for pgf: pgfsys-pdftex.def

(C:\Users\franc\AppData\Local\Programs\MiKTeX\tex/generic/pgf/systemlayer\pgfsy
s-pdftex.def
File: pgfsys-pdftex.def 2025-08-29 v3.1.11a (3.1.11a)

(C:\Users\franc\AppData\Local\Programs\MiKTeX\tex/generic/pgf/systemlayer\pgfsy
s-common-pdf.def
File: pgfsys-common-pdf.def 2025-08-29 v3.1.11a (3.1.11a)
)))
(C:\Users\franc\AppData\Local\Programs\MiKTeX\tex/generic/pgf/systemlayer\pgfsy
ssoftpath.code.tex
File: pgfsyssoftpath.code.tex 2025-08-29 v3.1.11a (3.1.11a)
\pgfsyssoftpath@smallbuffer@items=\count344
\pgfsyssoftpath@bigbuffer@items=\count345
)
(C:\Users\franc\AppData\Local\Programs\MiKTeX\tex/generic/pgf/systemlayer\pgfsy
sprotocol.code.tex
File: pgfsysprotocol.code.tex 2025-08-29 v3.1.11a (3.1.11a)
))
(C:\Users\franc\AppData\Local\Programs\MiKTeX\tex/generic/pgf/basiclayer\pgfcor
e.code.tex
Package: pgfcore 2025-08-29 v3.1.11a (3.1.11a)

(C:\Users\franc\AppData\Local\Programs\MiKTeX\tex/generic/pgf/math\pgfmath.code
.tex
(C:\Users\franc\AppData\Local\Programs\MiKTeX\tex/generic/pgf/math\pgfmathutil.
code.tex)
(C:\Users\franc\AppData\Local\Programs\MiKTeX\tex/generic/pgf/math\pgfmathparse
r.code.tex
\pgfmath@dimen=\dimen268
\pgfmath@count=\count346
\pgfmath@box=\box67
\pgfmath@toks=\toks40
\pgfmath@stack@operand=\toks41
\pgfmath@stack@operation=\toks42
)
(C:\Users\franc\AppData\Local\Programs\MiKTeX\tex/generic/pgf/math\pgfmathfunct
ions.code.tex)
(C:\Users\franc\AppData\Local\Programs\MiKTeX\tex/generic/pgf/math\pgfmathfunct
ions.basic.code.tex)
(C:\Users\franc\AppData\Local\Programs\MiKTeX\tex/generic/pgf/math\pgfmathfunct
ions.trigonometric.code.tex)
(C:\Users\franc\AppData\Local\Programs\MiKTeX\tex/generic/pgf/math\pgfmathfunct
ions.random.code.tex)
(C:\Users\franc\AppData\Local\Programs\MiKTeX\tex/generic/pgf/math\pgfmathfunct
ions.comparison.code.tex)
(C:\Users\franc\AppData\Local\Programs\MiKTeX\tex/generic/pgf/math\pgfmathfunct
ions.base.code.tex)
(C:\Users\franc\AppData\Local\Programs\MiKTeX\tex/generic/pgf/math\pgfmathfunct
ions.round.code.tex)
(C:\Users\franc\AppData\Local\Programs\MiKTeX\tex/generic/pgf/math\pgfmathfunct
ions.misc.code.tex)
(C:\Users\franc\AppData\Local\Programs\MiKTeX\tex/generic/pgf/math\pgfmathfunct
ions.integerarithmetics.code.tex)
(C:\Users\franc\AppData\Local\Programs\MiKTeX\tex/generic/pgf/math\pgfmathcalc.
code.tex)
(C:\Users\franc\AppData\Local\Programs\MiKTeX\tex/generic/pgf/math\pgfmathfloat
.code.tex
\c@pgfmathroundto@lastzeros=\count347
))
(C:\Users\franc\AppData\Local\Programs\MiKTeX\tex/generic/pgf/math\pgfint.code.
tex)
(C:\Users\franc\AppData\Local\Programs\MiKTeX\tex/generic/pgf/basiclayer\pgfcor
epoints.code.tex
File: pgfcorepoints.code.tex 2025-08-29 v3.1.11a (3.1.11a)
\pgf@picminx=\dimen269
\pgf@picmaxx=\dimen270
\pgf@picminy=\dimen271
\pgf@picmaxy=\dimen272
\pgf@pathminx=\dimen273
\pgf@pathmaxx=\dimen274
\pgf@pathminy=\dimen275
\pgf@pathmaxy=\dimen276
\pgf@xx=\dimen277
\pgf@xy=\dimen278
\pgf@yx=\dimen279
\pgf@yy=\dimen280
\pgf@zx=\dimen281
\pgf@zy=\dimen282
)
(C:\Users\franc\AppData\Local\Programs\MiKTeX\tex/generic/pgf/basiclayer\pgfcor
epathconstruct.code.tex
File: pgfcorepathconstruct.code.tex 2025-08-29 v3.1.11a (3.1.11a)
\pgf@path@lastx=\dimen283
\pgf@path@lasty=\dimen284
)
(C:\Users\franc\AppData\Local\Programs\MiKTeX\tex/generic/pgf/basiclayer\pgfcor
epathusage.code.tex
File: pgfcorepathusage.code.tex 2025-08-29 v3.1.11a (3.1.11a)
\pgf@shorten@end@additional=\dimen285
\pgf@shorten@start@additional=\dimen286
)
(C:\Users\franc\AppData\Local\Programs\MiKTeX\tex/generic/pgf/basiclayer\pgfcor
escopes.code.tex
File: pgfcorescopes.code.tex 2025-08-29 v3.1.11a (3.1.11a)
\pgfpic=\box68
\pgf@hbox=\box69
\pgf@layerbox@main=\box70
\pgf@picture@serial@count=\count348
)
(C:\Users\franc\AppData\Local\Programs\MiKTeX\tex/generic/pgf/basiclayer\pgfcor
egraphicstate.code.tex
File: pgfcoregraphicstate.code.tex 2025-08-29 v3.1.11a (3.1.11a)
\pgflinewidth=\dimen287
)
(C:\Users\franc\AppData\Local\Programs\MiKTeX\tex/generic/pgf/basiclayer\pgfcor
etransformations.code.tex
File: pgfcoretransformations.code.tex 2025-08-29 v3.1.11a (3.1.11a)
\pgf@pt@x=\dimen288
\pgf@pt@y=\dimen289
\pgf@pt@temp=\dimen290
)
(C:\Users\franc\AppData\Local\Programs\MiKTeX\tex/generic/pgf/basiclayer\pgfcor
equick.code.tex
File: pgfcorequick.code.tex 2025-08-29 v3.1.11a (3.1.11a)
)
(C:\Users\franc\AppData\Local\Programs\MiKTeX\tex/generic/pgf/basiclayer\pgfcor
eobjects.code.tex
File: pgfcoreobjects.code.tex 2025-08-29 v3.1.11a (3.1.11a)
)
(C:\Users\franc\AppData\Local\Programs\MiKTeX\tex/generic/pgf/basiclayer\pgfcor
epathprocessing.code.tex
File: pgfcorepathprocessing.code.tex 2025-08-29 v3.1.11a (3.1.11a)
)
(C:\Users\franc\AppData\Local\Programs\MiKTeX\tex/generic/pgf/basiclayer\pgfcor
earrows.code.tex
File: pgfcorearrows.code.tex 2025-08-29 v3.1.11a (3.1.11a)
\pgfarrowsep=\dimen291
)
(C:\Users\franc\AppData\Local\Programs\MiKTeX\tex/generic/pgf/basiclayer\pgfcor
eshade.code.tex
File: pgfcoreshade.code.tex 2025-08-29 v3.1.11a (3.1.11a)
\pgf@max=\dimen292
\pgf@sys@shading@range@num=\count349
\pgf@shadingcount=\count350
)
(C:\Users\franc\AppData\Local\Programs\MiKTeX\tex/generic/pgf/basiclayer\pgfcor
eimage.code.tex
File: pgfcoreimage.code.tex 2025-08-29 v3.1.11a (3.1.11a)
)
(C:\Users\franc\AppData\Local\Programs\MiKTeX\tex/generic/pgf/basiclayer\pgfcor
eexternal.code.tex
File: pgfcoreexternal.code.tex 2025-08-29 v3.1.11a (3.1.11a)
\pgfexternal@startupbox=\box71
)
(C:\Users\franc\AppData\Local\Programs\MiKTeX\tex/generic/pgf/basiclayer\pgfcor
elayers.code.tex
File: pgfcorelayers.code.tex 2025-08-29 v3.1.11a (3.1.11a)
)
(C:\Users\franc\AppData\Local\Programs\MiKTeX\tex/generic/pgf/basiclayer\pgfcor
etransparency.code.tex
File: pgfcoretransparency.code.tex 2025-08-29 v3.1.11a (3.1.11a)
)
(C:\Users\franc\AppData\Local\Programs\MiKTeX\tex/generic/pgf/basiclayer\pgfcor
epatterns.code.tex
File: pgfcorepatterns.code.tex 2025-08-29 v3.1.11a (3.1.11a)
)
(C:\Users\franc\AppData\Local\Programs\MiKTeX\tex/generic/pgf/basiclayer\pgfcor
erdf.code.tex
File: pgfcorerdf.code.tex 2025-08-29 v3.1.11a (3.1.11a)
)))
(C:\Users\franc\AppData\Local\Programs\MiKTeX\tex/generic/pgf/modules\pgfmodule
shapes.code.tex
File: pgfmoduleshapes.code.tex 2025-08-29 v3.1.11a (3.1.11a)
\pgfnodeparttextbox=\box72
)
(C:\Users\franc\AppData\Local\Programs\MiKTeX\tex/generic/pgf/modules\pgfmodule
plot.code.tex
File: pgfmoduleplot.code.tex 2025-08-29 v3.1.11a (3.1.11a)
)
(C:\Users\franc\AppData\Local\Programs\MiKTeX\tex/latex/pgf/compatibility\pgfco
mp-version-0-65.sty
Package: pgfcomp-version-0-65 2025-08-29 v3.1.11a (3.1.11a)
\pgf@nodesepstart=\dimen293
\pgf@nodesepend=\dimen294
)
(C:\Users\franc\AppData\Local\Programs\MiKTeX\tex/latex/pgf/compatibility\pgfco
mp-version-1-18.sty
Package: pgfcomp-version-1-18 2025-08-29 v3.1.11a (3.1.11a)
))
(C:\Users\franc\AppData\Local\Programs\MiKTeX\tex/latex/pgf/utilities\pgffor.st
y
(C:\Users\franc\AppData\Local\Programs\MiKTeX\tex/latex/pgf/utilities\pgfkeys.s
ty
(C:\Users\franc\AppData\Local\Programs\MiKTeX\tex/generic/pgf/utilities\pgfkeys
.code.tex))
(C:\Users\franc\AppData\Local\Programs\MiKTeX\tex/latex/pgf/math\pgfmath.sty
(C:\Users\franc\AppData\Local\Programs\MiKTeX\tex/generic/pgf/math\pgfmath.code
.tex))
(C:\Users\franc\AppData\Local\Programs\MiKTeX\tex/generic/pgf/utilities\pgffor.
code.tex
Package: pgffor 2025-08-29 v3.1.11a (3.1.11a)
\pgffor@iter=\dimen295
\pgffor@skip=\dimen296
\pgffor@stack=\toks43
\pgffor@toks=\toks44
))
(C:\Users\franc\AppData\Local\Programs\MiKTeX\tex/generic/pgf/frontendlayer/tik
z\tikz.code.tex
Package: tikz 2025-08-29 v3.1.11a (3.1.11a)

(C:\Users\franc\AppData\Local\Programs\MiKTeX\tex/generic/pgf/libraries\pgflibr
aryplothandlers.code.tex
File: pgflibraryplothandlers.code.tex 2025-08-29 v3.1.11a (3.1.11a)
\pgf@plot@mark@count=\count351
\pgfplotmarksize=\dimen297
)
\tikz@lastx=\dimen298
\tikz@lasty=\dimen299
\tikz@lastxsaved=\dimen300
\tikz@lastysaved=\dimen301
\tikz@lastmovetox=\dimen302
\tikz@lastmovetoy=\dimen303
\tikzleveldistance=\dimen304
\tikzsiblingdistance=\dimen305
\tikz@figbox=\box73
\tikz@figbox@bg=\box74
\tikz@tempbox=\box75
\tikz@tempbox@bg=\box76
\tikztreelevel=\count352
\tikznumberofchildren=\count353
\tikznumberofcurrentchild=\count354
\tikz@fig@count=\count355

(C:\Users\franc\AppData\Local\Programs\MiKTeX\tex/generic/pgf/modules\pgfmodule
matrix.code.tex
File: pgfmodulematrix.code.tex 2025-08-29 v3.1.11a (3.1.11a)
\pgfmatrixcurrentrow=\count356
\pgfmatrixcurrentcolumn=\count357
\pgf@matrix@numberofcolumns=\count358
)
\tikz@expandcount=\count359

(C:\Users\franc\AppData\Local\Programs\MiKTeX\tex/generic/pgf/frontendlayer/tik
z/libraries\tikzlibrarytopaths.code.tex
File: tikzlibrarytopaths.code.tex 2025-08-29 v3.1.11a (3.1.11a)
)))
(C:\Users\franc\AppData\Local\Programs\MiKTeX\tex/latex/tools\array.sty
Package: array 2025/09/25 v2.6n Tabular extension package (FMi)
\col@sep=\dimen306
\ar@mcellbox=\box77
\extrarowheight=\dimen307
\NC@list=\toks45
\extratabsurround=\skip76
\backup@length=\skip77
\ar@cellbox=\box78
)
(C:\Users\franc\AppData\Local\Programs\MiKTeX\tex/latex/tools\tabularx.sty
Package: tabularx 2023/12/11 v2.12a `tabularx' package (DPC)
\TX@col@width=\dimen308
\TX@old@table=\dimen309
\TX@old@col=\dimen310
\TX@target=\dimen311
\TX@delta=\dimen312
\TX@cols=\count360
\TX@ftn=\toks46
)
(C:\Users\franc\AppData\Local\Programs\MiKTeX\tex/generic/pgf/libraries\pgflibr
aryarrows.meta.code.tex
File: pgflibraryarrows.meta.code.tex 2025-08-29 v3.1.11a (3.1.11a)
\pgfarrowinset=\dimen313
\pgfarrowlength=\dimen314
\pgfarrowwidth=\dimen315
\pgfarrowlinewidth=\dimen316
)
(C:\Users\franc\AppData\Local\Programs\MiKTeX\tex/generic/pgf/frontendlayer/tik
z/libraries\tikzlibrarypositioning.code.tex
File: tikzlibrarypositioning.code.tex 2025-08-29 v3.1.11a (3.1.11a)
)
(C:\Users\franc\AppData\Local\Programs\MiKTeX\tex/generic/pgf/frontendlayer/tik
z/libraries\tikzlibraryshapes.code.tex
File: tikzlibraryshapes.code.tex 2025-08-29 v3.1.11a (3.1.11a)

(C:\Users\franc\AppData\Local\Programs\MiKTeX\tex/generic/pgf/frontendlayer/tik
z/libraries\tikzlibraryshapes.geometric.code.tex
File: tikzlibraryshapes.geometric.code.tex 2025-08-29 v3.1.11a (3.1.11a)

(C:\Users\franc\AppData\Local\Programs\MiKTeX\tex/generic/pgf/libraries/shapes\
pgflibraryshapes.geometric.code.tex
File: pgflibraryshapes.geometric.code.tex 2025-08-29 v3.1.11a (3.1.11a)
))
(C:\Users\franc\AppData\Local\Programs\MiKTeX\tex/generic/pgf/frontendlayer/tik
z/libraries\tikzlibraryshapes.misc.code.tex
File: tikzlibraryshapes.misc.code.tex 2025-08-29 v3.1.11a (3.1.11a)

(C:\Users\franc\AppData\Local\Programs\MiKTeX\tex/generic/pgf/libraries/shapes\
pgflibraryshapes.misc.code.tex
File: pgflibraryshapes.misc.code.tex 2025-08-29 v3.1.11a (3.1.11a)
))
(C:\Users\franc\AppData\Local\Programs\MiKTeX\tex/generic/pgf/frontendlayer/tik
z/libraries\tikzlibraryshapes.symbols.code.tex
File: tikzlibraryshapes.symbols.code.tex 2025-08-29 v3.1.11a (3.1.11a)

(C:\Users\franc\AppData\Local\Programs\MiKTeX\tex/generic/pgf/libraries/shapes\
pgflibraryshapes.symbols.code.tex
File: pgflibraryshapes.symbols.code.tex 2025-08-29 v3.1.11a (3.1.11a)
))
(C:\Users\franc\AppData\Local\Programs\MiKTeX\tex/generic/pgf/frontendlayer/tik
z/libraries\tikzlibraryshapes.arrows.code.tex
File: tikzlibraryshapes.arrows.code.tex 2025-08-29 v3.1.11a (3.1.11a)

(C:\Users\franc\AppData\Local\Programs\MiKTeX\tex/generic/pgf/libraries/shapes\
pgflibraryshapes.arrows.code.tex
File: pgflibraryshapes.arrows.code.tex 2025-08-29 v3.1.11a (3.1.11a)
))
(C:\Users\franc\AppData\Local\Programs\MiKTeX\tex/generic/pgf/frontendlayer/tik
z/libraries\tikzlibraryshapes.callouts.code.tex
(C:\Users\franc\AppData\Local\Programs\MiKTeX\tex/generic/pgf/libraries/shapes\
pgflibraryshapes.callouts.code.tex))
(C:\Users\franc\AppData\Local\Programs\MiKTeX\tex/generic/pgf/frontendlayer/tik
z/libraries\tikzlibraryshapes.multipart.code.tex
File: tikzlibraryshapes.multipart.code.tex 2025-08-29 v3.1.11a (3.1.11a)

(C:\Users\franc\AppData\Local\Programs\MiKTeX\tex/generic/pgf/libraries/shapes\
pgflibraryshapes.multipart.code.tex
File: pgflibraryshapes.multipart.code.tex 2025-08-29 v3.1.11a (3.1.11a)
\pgfnodepartlowerbox=\box79
\pgfnodeparttwobox=\box80
\pgfnodepartthreebox=\box81
\pgfnodepartfourbox=\box82
\pgfnodeparttwentybox=\box83
\pgfnodepartnineteenbox=\box84
\pgfnodeparteighteenbox=\box85
\pgfnodepartseventeenbox=\box86
\pgfnodepartsixteenbox=\box87
\pgfnodepartfifteenbox=\box88
\pgfnodepartfourteenbox=\box89
\pgfnodepartthirteenbox=\box90
\pgfnodeparttwelvebox=\box91
\pgfnodepartelevenbox=\box92
\pgfnodeparttenbox=\box93
\pgfnodepartninebox=\box94
\pgfnodeparteightbox=\box95
\pgfnodepartsevenbox=\box96
\pgfnodepartsixbox=\box97
\pgfnodepartfivebox=\box98
)))
\@float@every@quadro=\toks47
\c@quadro=\count361
\c@rf=\count362
\c@rnf=\count363
\c@rn=\count364
LaTeX Font Info:    Trying to load font information for T1+phv on input line 14
5.

(C:\Users\franc\AppData\Local\Programs\MiKTeX\tex/latex/psnfss\t1phv.fd
File: t1phv.fd 2020/03/25 scalable font definitions for T1/phv.
)

LaTeX Warning: Unused global option(s):
    [openright].

(main.aux
Package babel Info: 'brazil' activates 'portuges' shorthands.
(babel)             Reported on input line 8.
)
\openout1 = `main.aux'.

LaTeX Font Info:    Checking defaults for OML/cmm/m/it on input line 145.
LaTeX Font Info:    ... okay on input line 145.
LaTeX Font Info:    Checking defaults for OMS/cmsy/m/n on input line 145.
LaTeX Font Info:    ... okay on input line 145.
LaTeX Font Info:    Checking defaults for OT1/cmr/m/n on input line 145.
LaTeX Font Info:    ... okay on input line 145.
LaTeX Font Info:    Checking defaults for T1/cmr/m/n on input line 145.
LaTeX Font Info:    ... okay on input line 145.
LaTeX Font Info:    Checking defaults for TS1/cmr/m/n on input line 145.
LaTeX Font Info:    ... okay on input line 145.
LaTeX Font Info:    Checking defaults for OMX/cmex/m/n on input line 145.
LaTeX Font Info:    ... okay on input line 145.
LaTeX Font Info:    Checking defaults for U/cmr/m/n on input line 145.
LaTeX Font Info:    ... okay on input line 145.
LaTeX Font Info:    Checking defaults for PD1/pdf/m/n on input line 145.
LaTeX Font Info:    ... okay on input line 145.
LaTeX Font Info:    Checking defaults for PU/pdf/m/n on input line 145.
LaTeX Font Info:    ... okay on input line 145.

*geometry* driver: auto-detecting
*geometry* detected driver: pdftex
*geometry* verbose mode - [ preamble ] result:
* driver: pdftex
* paper: a4paper
* layout: <same size as paper>
* layoutoffset:(h,v)=(0.0pt,0.0pt)
* modes: 
* h-part:(L,W,R)=(85.35826pt, 455.24411pt, 56.9055pt)
* v-part:(T,H,B)=(85.35826pt, 702.78308pt, 56.9055pt)
* \paperwidth=597.50787pt
* \paperheight=845.04684pt
* \textwidth=455.24411pt
* \textheight=702.78308pt
* \oddsidemargin=13.08827pt
* \evensidemargin=13.08827pt
* \topmargin=-26.41173pt
* \headheight=14.5pt
* \headsep=25.0pt
* \topskip=12.0pt
* \footskip=30.0pt
* \marginparwidth=35.0pt
* \marginparsep=10.0pt
* \columnsep=10.0pt
* \skip\footins=10.8pt plus 4.0pt minus 2.0pt
* \hoffset=0.0pt
* \voffset=0.0pt
* \mag=1000
* \@twocolumnfalse
* \@twosidefalse
* \@mparswitchfalse
* \@reversemarginfalse
* (1in=72.27pt=25.4mm, 1cm=28.453pt)


(C:\Users\franc\AppData\Local\Programs\MiKTeX\tex/context/base/mkii\supp-pdf.mk
ii
[Loading MPS to PDF converter (version 2006.09.02).]
\scratchcounter=\count365
\scratchdimen=\dimen317
\scratchbox=\box99
\nofMPsegments=\count366
\nofMParguments=\count367
\everyMPshowfont=\toks48
\MPscratchCnt=\count368
\MPscratchDim=\dimen318
\MPnumerator=\count369
\makeMPintoPDFobject=\count370
\everyMPtoPDFconversion=\toks49
)
(C:\Users\franc\AppData\Local\Programs\MiKTeX\tex/latex/epstopdf-pkg\epstopdf-b
ase.sty
Package: epstopdf-base 2020-01-24 v2.11 Base part for package epstopdf
Package epstopdf-base Info: Redefining graphics rule for `.eps' on input line 4
85.

(C:\Users\franc\AppData\Local\Programs\MiKTeX\tex/latex/00miktex\epstopdf-sys.c
fg
File: epstopdf-sys.cfg 2021/03/18 v2.0 Configuration of epstopdf for MiKTeX
))
\c@lstlisting=\count371
Package caption Info: Begin \AtBeginDocument code.
Package caption Info: hyperref package is loaded.
Package caption Info: longtable package is loaded.

(C:\Users\franc\AppData\Local\Programs\MiKTeX\tex/latex/caption\ltcaption.sty
Package: ltcaption 2021/01/08 v1.4c longtable captions (AR)
)
Package caption Info: rotating package is loaded.
Package caption Info: End \AtBeginDocument code.
Package hyperref Info: Link coloring OFF on input line 145.

(main.out) (main.out)
\@outlinefile=\write4
\openout4 = `main.out'.

 (partes/capa.tex
<imagens/Logo-IFPI-Vertical.png, id=442, 903.375pt x 652.4375pt>
File: imagens/Logo-IFPI-Vertical.png Graphic file (type png)
<use imagens/Logo-IFPI-Vertical.png>
Package pdftex.def Info: imagens/Logo-IFPI-Vertical.png  used on input line 3.
(pdftex.def)             Requested size: 284.52756pt x 205.48903pt.
 [1

{C:/Users/franc/AppData/Local/MiKTeX/fonts/map/pdftex/pdftex.map}{C:/Users/fran
c/AppData/Local/Programs/MiKTeX/fonts/enc/dvips/base/8r.enc} <./imagens/Logo-IF
PI-Vertical.png>])
(partes/folha_rosto.tex
LaTeX Font Info:    Font shape `T1/phv/m/it' in size <12> not available
(Font)              Font shape `T1/phv/m/sl' tried instead on input line 9.

pdfTeX warning (ext4): destination with the same identifier (name{page.1}) has 
been already used, duplicate ignored
<to be read again> 
                   \relax 
l.17 \end{titlepage}
                     [1]) (partes/resumo.tex [1])
pdfTeX warning (ext4): destination with the same identifier (name{page.}) has b
een already used, duplicate ignored
<to be read again> 
                   \relax 
l.155 \newpage
               [2] (partes/siglas.tex
LaTeX Font Info:    Trying to load font information for U+msa on input line 5.

(C:\Users\franc\AppData\Local\Programs\MiKTeX\tex/latex/amsfonts\umsa.fd
File: umsa.fd 2013/01/14 v3.01 AMS symbols A
)
LaTeX Font Info:    Trying to load font information for U+msb on input line 5.

(C:\Users\franc\AppData\Local\Programs\MiKTeX\tex/latex/amsfonts\umsb.fd
File: umsb.fd 2013/01/14 v3.01 AMS symbols B
))
pdfTeX warning (ext4): destination with the same identifier (name{page.}) has b
een already used, duplicate ignored
<to be read again> 
                   \relax 
l.158 \newpage
               [1] (main.lof)
\tf@lof=\write5
\openout5 = `main.lof'.


pdfTeX warning (ext4): destination with the same identifier (name{page.}) has b
een already used, duplicate ignored
<to be read again> 
                   \relax 
l.161 \newpage
               [1] (main.lot)
\tf@lot=\write6
\openout6 = `main.lot'.


pdfTeX warning (ext4): destination with the same identifier (name{page.}) has b
een already used, duplicate ignored
<to be read again> 
                   \relax 
l.164 \newpage
               [1] (main.loq)
\tf@loq=\write7
\openout7 = `main.loq'.


pdfTeX warning (ext4): destination with the same identifier (name{page.}) has b
een already used, duplicate ignored
<to be read again> 
                   \relax 
l.167 \newpage
               [1] (main.toc
pdfTeX warning (ext4): destination with the same identifier (name{page.}) has b
een already used, duplicate ignored
<to be read again> 
                   \relax 
l.31 ...ne {2.6.1}Render}{16}{subsubsection.2.6.1}
                                                  % [1]
pdfTeX warning (ext4): destination with the same identifier (name{page.}) has b
een already used, duplicate ignored
<to be read again> 
                   \relax 
l.63 ...ra e Tecnologia}{28}{subsubsection.3.1.25}
                                                  % [2]
pdfTeX warning (ext4): destination with the same identifier (name{page.}) has b
een already used, duplicate ignored
<to be read again> 
                   \relax 
l.95 ...r CÃ³digo Ãšnico}{78}{subsubsection.4.2.4}
                                                  % [3]
Overfull \hbox (1.41573pt too wide) detected at line 112
 []\T1/phv/m/n/12 100
 []

)
\tf@toc=\write8
\openout8 = `main.toc'.


pdfTeX warning (ext4): destination with the same identifier (name{page.}) has b
een already used, duplicate ignored
<to be read again> 
                   \relax 
l.176 \newpage
               [4] (partes/introducao.tex
pdfTeX warning (ext4): destination with the same identifier (name{page.1}) has 
been already used, duplicate ignored
<to be read again> 
                   \relax 
l.14 
      [1] [2]
LaTeX Font Info:    Trying to load font information for TS1+phv on input line 2
9.

(C:\Users\franc\AppData\Local\Programs\MiKTeX\tex/latex/psnfss\ts1phv.fd
File: ts1phv.fd 2020/03/25 scalable font definitions for TS1/phv.
))
(partes/tecnologias.tex [3] [4] [5] [6] [7] [8] [9] [10] [11]
LaTeX Font Info:    Font shape `T1/phv/b/it' in size <12> not available
(Font)              Font shape `T1/phv/b/sl' tried instead on input line 94.
 [12] [13]
[14] [15] [16] [17]
Package hyperref Info: bookmark level for unknown quadro defaults to 0 on input
 line 173.
LaTeX Font Info:    Font shape `T1/phv/m/it' in size <10.95> not available
(Font)              Font shape `T1/phv/m/sl' tried instead on input line 217.
) (partes/modelagem.tex [18] [19] (partes/requisitos/rf.tex
[20]
Overfull \hbox (0.29332pt too wide) in paragraph at lines 23--24
[]\T1/phv/m/n/12 RF012 [M] -- Per-mi-tir cri-a-ção/edição ma-nual de cam-pos di
-nâ-mi-cos (ex: {{nome}}).
 []

[21] [22] [23] [24]) (partes/requisitos/rfn.tex [25] [26] [27]
Overfull \hbox (17.68053pt too wide) in paragraph at lines 68--69
[]\T1/phv/m/n/12 RNF037 -- O sis-tema deve es-tar em con-for-mi-dade com a LGPD
 (Lei n\TS1/phv/m/n/12 º \T1/phv/m/n/12 13.709/2018).
 []

[28] [29]) (partes/requisitos/regras_negocio.tex [30])
(partes/requisitos/criterios_aceitacao.tex
Overfull \hbox (7.5472pt too wide) in alignment at lines 10--16
 [] [] [] 
 []


Overfull \hbox (7.5472pt too wide) in alignment at lines 16--20
 [] [] [] 
 []


Overfull \hbox (7.5472pt too wide) in alignment at lines 20--22
 [] [] [] 
 []


Overfull \hbox (7.5472pt too wide) in alignment at lines 22--24
 [] [] [] 
 []


Overfull \hbox (4.4079pt too wide) in paragraph at lines 25--25
[]|[]\T1/phv/m/n/10.95 RF001[]| 
 []


Overfull \hbox (4.4079pt too wide) in paragraph at lines 26--26
[]|[]\T1/phv/m/n/10.95 RF002[]| 
 []


Overfull \hbox (4.4079pt too wide) in paragraph at lines 27--27
[]|[]\T1/phv/m/n/10.95 RF003[]| 
 []


Overfull \hbox (4.4079pt too wide) in paragraph at lines 28--28
[]|[]\T1/phv/m/n/10.95 RF004[]| 
 []


Overfull \hbox (4.4079pt too wide) in paragraph at lines 29--29
[]|[]\T1/phv/m/n/10.95 RF005[]| 
 []


Overfull \hbox (4.4079pt too wide) in paragraph at lines 30--30
[]|[]\T1/phv/m/n/10.95 RF006[]| 
 []


Underfull \hbox (badness 10000) in paragraph at lines 30--30
[]|\T1/phv/m/n/10.95 Controle de
 []


Overfull \hbox (4.4079pt too wide) in paragraph at lines 31--31
[]|[]\T1/phv/m/n/10.95 RF007[]| 
 []


Overfull \hbox (4.4079pt too wide) in paragraph at lines 33--33
[]|[]\T1/phv/m/n/10.95 RF008[]| 
 []


Overfull \hbox (4.4079pt too wide) in paragraph at lines 34--34
[]|[]\T1/phv/m/n/10.95 RF009[]| 
 []


Overfull \hbox (4.4079pt too wide) in paragraph at lines 35--35
[]|[]\T1/phv/m/n/10.95 RF010[]| 
 []


Underfull \hbox (badness 10000) in paragraph at lines 35--35
[]|\T1/phv/m/n/10.95 Selecionar tem-
 []


Overfull \hbox (4.4079pt too wide) in paragraph at lines 36--36
[]|[]\T1/phv/m/n/10.95 RF011[]| 
 []


Overfull \hbox (4.4079pt too wide) in paragraph at lines 37--37
[]|[]\T1/phv/m/n/10.95 RF012[]| 
 []


Underfull \hbox (badness 10000) in paragraph at lines 37--37
[]|\T1/phv/m/n/10.95 Criar/editar cam-
 []


Overfull \hbox (4.4079pt too wide) in paragraph at lines 38--38
[]|[]\T1/phv/m/n/10.95 RF013[]| 
 []


Underfull \hbox (badness 10000) in paragraph at lines 38--38
[]|\T1/phv/m/n/10.95 Salvar con-fi-gu-ra-
 []


Overfull \hbox (4.4079pt too wide) in paragraph at lines 39--39
[]|[]\T1/phv/m/n/10.95 RF014[]| 
 []


Overfull \hbox (4.4079pt too wide) in paragraph at lines 41--41
[]|[]\T1/phv/m/n/10.95 RF015[]| 
 []


Underfull \hbox (badness 10000) in paragraph at lines 41--41
[]|\T1/phv/m/n/10.95 Cadastro in-di-vi-
 []


Overfull \hbox (4.4079pt too wide) in paragraph at lines 42--42
[]|[]\T1/phv/m/n/10.95 RF016[]| 
 []


Overfull \hbox (4.4079pt too wide) in paragraph at lines 43--43
[]|[]\T1/phv/m/n/10.95 RF017[]| 
 []


Overfull \hbox (4.4079pt too wide) in paragraph at lines 44--44
[]|[]\T1/phv/m/n/10.95 RF018[]| 
 []


Overfull \hbox (4.4079pt too wide) in paragraph at lines 45--45
[]|[]\T1/phv/m/n/10.95 RF019[]| 
 []


Overfull \hbox (4.4079pt too wide) in paragraph at lines 46--46
[]|[]\T1/phv/m/n/10.95 RF020[]| 
 []


Overfull \hbox (4.4079pt too wide) in paragraph at lines 47--47
[]|[]\T1/phv/m/n/10.95 RF021[]| 
 []


Overfull \hbox (4.4079pt too wide) in paragraph at lines 48--48
[]|[]\T1/phv/m/n/10.95 RF022[]| 
 []


Overfull \hbox (4.4079pt too wide) in paragraph at lines 50--50
[]|[]\T1/phv/m/n/10.95 RF023[]| 
 []


Overfull \hbox (4.4079pt too wide) in paragraph at lines 51--51
[]|[]\T1/phv/m/n/10.95 RF024[]| 
 []


Underfull \hbox (badness 10000) in paragraph at lines 51--51
[]|\T1/phv/m/n/10.95 Preencher cam-
 []


Overfull \hbox (4.4079pt too wide) in paragraph at lines 52--52
[]|[]\T1/phv/m/n/10.95 RF025[]| 
 []


Overfull \hbox (4.4079pt too wide) in paragraph at lines 53--53
[]|[]\T1/phv/m/n/10.95 RF026[]| 
 []


Overfull \hbox (4.4079pt too wide) in paragraph at lines 54--54
[]|[]\T1/phv/m/n/10.95 RF027[]| 
 []


Overfull \hbox (4.4079pt too wide) in paragraph at lines 55--55
[]|[]\T1/phv/m/n/10.95 RF028[]| 
 []


Underfull \hbox (badness 10000) in paragraph at lines 55--55
[]|\T1/phv/m/n/10.95 Download in-di-vi-
 []


Overfull \hbox (4.4079pt too wide) in paragraph at lines 56--56
[]|[]\T1/phv/m/n/10.95 RF029[]| 
 []


Overfull \hbox (4.4079pt too wide) in paragraph at lines 58--58
[]|[]\T1/phv/m/n/10.95 RF030[]| 
 []


Underfull \hbox (badness 10000) in paragraph at lines 58--58
[]|\T1/phv/m/n/10.95 Personalizar e-
 []


Overfull \hbox (4.4079pt too wide) in paragraph at lines 59--59
[]|[]\T1/phv/m/n/10.95 RF031[]| 
 []


Overfull \hbox (4.4079pt too wide) in paragraph at lines 60--60
[]|[]\T1/phv/m/n/10.95 RF032[]| 
 []


Underfull \hbox (badness 8189) in paragraph at lines 60--60
[]|\T1/phv/m/n/10.95 Reenvio au-to-má-
 []


Overfull \hbox (4.4079pt too wide) in paragraph at lines 62--62
[]|[]\T1/phv/m/n/10.95 RF033[]| 
 []


Underfull \hbox (badness 3884) in paragraph at lines 62--62
[]|\T1/phv/m/n/10.95 Portal de va-li-da-
 []


Overfull \hbox (4.4079pt too wide) in paragraph at lines 63--63
[]|[]\T1/phv/m/n/10.95 RF034[]| 
 []


Overfull \hbox (4.4079pt too wide) in paragraph at lines 64--64
[]|[]\T1/phv/m/n/10.95 RF035[]| 
 []


Overfull \hbox (4.4079pt too wide) in paragraph at lines 65--65
[]|[]\T1/phv/m/n/10.95 RF036[]| 
 []


Overfull \hbox (4.4079pt too wide) in paragraph at lines 67--67
[]|[]\T1/phv/m/n/10.95 RF037[]| 
 []


Overfull \hbox (4.4079pt too wide) in paragraph at lines 68--68
[]|[]\T1/phv/m/n/10.95 RF038[]| 
 []


Underfull \hbox (badness 3536) in paragraph at lines 68--68
[]|\T1/phv/m/n/10.95 Hash da as-si-na-
 []


Overfull \hbox (4.4079pt too wide) in paragraph at lines 70--70
[]|[]\T1/phv/m/n/10.95 RF039[]| 
 []


Underfull \hbox (badness 1005) in paragraph at lines 70--70
[]|\T1/phv/m/n/10.95 Lista de cer-ti-fi-ca-
 []


Overfull \hbox (4.4079pt too wide) in paragraph at lines 71--71
[]|[]\T1/phv/m/n/10.95 RF040[]| 
 []


Overfull \hbox (4.4079pt too wide) in paragraph at lines 72--72
[]|[]\T1/phv/m/n/10.95 RF041[]| 
 []


Underfull \hbox (badness 5878) in paragraph at lines 72--72
[]|\T1/phv/m/n/10.95 Estatísticas men-
 []


Overfull \hbox (4.4079pt too wide) in paragraph at lines 73--73
[]|[]\T1/phv/m/n/10.95 RF042[]| 
 []


Overfull \hbox (4.4079pt too wide) in paragraph at lines 75--75
[]|[]\T1/phv/m/n/10.95 RF043[]| 
 []


Overfull \hbox (4.4079pt too wide) in paragraph at lines 76--76
[]|[]\T1/phv/m/n/10.95 RF044[]| 
 []


Overfull \hbox (4.4079pt too wide) in paragraph at lines 77--77
[]|[]\T1/phv/m/n/10.95 RF045[]| 
 []


Overfull \hbox (4.4079pt too wide) in paragraph at lines 79--79
[]|[]\T1/phv/m/n/10.95 RF046[]| 
 []


Overfull \hbox (4.4079pt too wide) in paragraph at lines 80--80
[]|[]\T1/phv/m/n/10.95 RF047[]| 
 []


Underfull \hbox (badness 10000) in paragraph at lines 80--80
[]|\T1/phv/m/n/10.95 Associar par-ti-ci-
 []


Overfull \hbox (4.4079pt too wide) in paragraph at lines 81--81
[]|[]\T1/phv/m/n/10.95 RF048[]| 
 []


Overfull \hbox (4.4079pt too wide) in paragraph at lines 82--82
[]|[]\T1/phv/m/n/10.95 RF049[]| 
 []


Overfull \hbox (4.4079pt too wide) in paragraph at lines 83--83
[]|[]\T1/phv/m/n/10.95 RF050[]| 
 []


Overfull \hbox (4.4079pt too wide) in paragraph at lines 84--84
[]|[]\T1/phv/m/n/10.95 RF051[]| 
 []


Overfull \hbox (4.4079pt too wide) in paragraph at lines 85--85
[]|[]\T1/phv/m/n/10.95 RF052[]| 
 []


Overfull \hbox (4.4079pt too wide) in paragraph at lines 86--86
[]|[]\T1/phv/m/n/10.95 RF053[]| 
 []


Overfull \hbox (4.4079pt too wide) in paragraph at lines 88--88
[]|[]\T1/phv/m/n/10.95 RF054[]| 
 []


Underfull \hbox (badness 10000) in paragraph at lines 88--88
[]|\T1/phv/m/n/10.95 Cadastro com-
 []


Overfull \hbox (4.4079pt too wide) in paragraph at lines 89--89
[]|[]\T1/phv/m/n/10.95 RF055[]| 
 []


Overfull \hbox (4.4079pt too wide) in paragraph at lines 90--90
[]|[]\T1/phv/m/n/10.95 RF056[]| 
 []


Overfull \hbox (4.4079pt too wide) in paragraph at lines 91--91
[]|[]\T1/phv/m/n/10.95 RF057[]| 
 []


Overfull \hbox (4.4079pt too wide) in paragraph at lines 92--92
[]|[]\T1/phv/m/n/10.95 RF058[]| 
 []


Overfull \hbox (4.4079pt too wide) in paragraph at lines 94--94
[]|[]\T1/phv/m/n/10.95 RF059[]| 
 []


Underfull \hbox (badness 10000) in paragraph at lines 94--94
[]|\T1/phv/m/n/10.95 Cadastro or-ga-ni-
 []


Overfull \hbox (4.4079pt too wide) in paragraph at lines 95--95
[]|[]\T1/phv/m/n/10.95 RF060[]| 
 []


Overfull \hbox (4.4079pt too wide) in paragraph at lines 96--96
[]|[]\T1/phv/m/n/10.95 RF061[]| 
 []


Overfull \hbox (4.4079pt too wide) in paragraph at lines 97--97
[]|[]\T1/phv/m/n/10.95 RF062[]| 
 []


Overfull \hbox (4.4079pt too wide) in paragraph at lines 99--99
[]|[]\T1/phv/m/n/10.95 RF063[]| 
 []


Underfull \hbox (badness 10000) in paragraph at lines 99--99
[]|\T1/phv/m/n/10.95 Mensagens pa-
 []


Overfull \hbox (4.4079pt too wide) in paragraph at lines 100--100
[]|[]\T1/phv/m/n/10.95 RF064[]| 
 []


Overfull \hbox (4.4079pt too wide) in paragraph at lines 101--101
[]|[]\T1/phv/m/n/10.95 RF065[]| 
 []


Overfull \hbox (4.4079pt too wide) in paragraph at lines 103--103
[]|[]\T1/phv/m/n/10.95 RF066[]| 
 []


Underfull \hbox (badness 10000) in paragraph at lines 103--103
[]|\T1/phv/m/n/10.95 Armazenar tem-
 []


Underfull \hbox (badness 1383) in paragraph at lines 103--104
[]|\T1/phv/m/n/10.95 Template en-vi-ado fica ime-di-a-ta-mente dis-po-ní-vel pa
ra uso;
 []


Overfull \hbox (4.4079pt too wide) in paragraph at lines 105--105
[]|[]\T1/phv/m/n/10.95 RF067[]| 
 []


Overfull \hbox (4.4079pt too wide) in paragraph at lines 106--106
[]|[]\T1/phv/m/n/10.95 RF068[]| 
 []


Overfull \hbox (4.4079pt too wide) in paragraph at lines 107--107
[]|[]\T1/phv/m/n/10.95 RF069[]| 
 []


Underfull \hbox (badness 10000) in paragraph at lines 107--107
[]|\T1/phv/m/n/10.95 Alertar tem-plate
 []


Overfull \hbox (4.4079pt too wide) in paragraph at lines 109--109
[]|[]\T1/phv/m/n/10.95 RF070[]| 
 []


Overfull \hbox (4.4079pt too wide) in paragraph at lines 110--110
[]|[]\T1/phv/m/n/10.95 RF071[]| 
 []


Overfull \hbox (4.4079pt too wide) in paragraph at lines 111--111
[]|[]\T1/phv/m/n/10.95 RF072[]| 
 []


Overfull \hbox (4.4079pt too wide) in paragraph at lines 113--113
[]|[]\T1/phv/m/n/10.95 RF073[]| 
 []


Overfull \hbox (4.4079pt too wide) in paragraph at lines 114--114
[]|[]\T1/phv/m/n/10.95 RF074[]| 
 []


Overfull \hbox (4.4079pt too wide) in paragraph at lines 115--115
[]|[]\T1/phv/m/n/10.95 RF075[]| 
 []


Overfull \hbox (7.5472pt too wide) in alignment at lines 24--117
 [] [] [] 
 []

ignored error: Infinite glue shrinkage found in box being split [31]
ignored error: Infinite glue shrinkage found in box being split [32]
ignored error: Infinite glue shrinkage found in box being split [33]
ignored error: Infinite glue shrinkage found in box being split [34]
ignored error: Infinite glue shrinkage found in box being split [35])
(partes/diagramas/casos_de_uso.tex [36])
(partes/diagramas/casos_de_uso_descricao.tex
Overfull \hbox (6.0pt too wide) in paragraph at lines 23--43
[]|| []| 
 []


Overfull \hbox (6.0pt too wide) in paragraph at lines 51--57
[]|| []| 
 []

[37]
Overfull \hbox (6.0pt too wide) in paragraph at lines 84--102
[]|| []| 
 []


Overfull \hbox (6.0pt too wide) in paragraph at lines 110--116
[]|| []| 
 []

[38]
Overfull \hbox (6.0pt too wide) in paragraph at lines 143--159
[]|| []| 
 []


Overfull \hbox (6.0pt too wide) in paragraph at lines 167--173
[]|| []| 
 []

[39]
Overfull \hbox (6.0pt too wide) in paragraph at lines 202--226
[]|| []| 
 []


Overfull \hbox (6.0pt too wide) in paragraph at lines 235--243
[]|| []| 
 []

[40]
Overfull \vbox (47.68532pt too high) has occurred while \output is active []


[41]
Overfull \hbox (6.0pt too wide) in paragraph at lines 272--290
[]|| []| 
 []


Overfull \hbox (6.0pt too wide) in paragraph at lines 298--306
[]|| []| 
 []


Overfull \hbox (6.0pt too wide) in paragraph at lines 333--349
[]|| []| 
 []


Overfull \hbox (6.0pt too wide) in paragraph at lines 357--365
[]|| []| 
 []

[42]
Overfull \hbox (6.0pt too wide) in paragraph at lines 393--409
[]|| []| 
 []


Overfull \hbox (6.0pt too wide) in paragraph at lines 417--425
[]|| []| 
 []

[43]
Overfull \hbox (6.0pt too wide) in paragraph at lines 452--466
[]|| []| 
 []


Overfull \hbox (6.0pt too wide) in paragraph at lines 473--481
[]|| []| 
 []

[44]
Overfull \hbox (6.0pt too wide) in paragraph at lines 508--522
[]|| []| 
 []


Overfull \hbox (6.0pt too wide) in paragraph at lines 529--537
[]|| []| 
 []

[45]
Overfull \hbox (6.0pt too wide) in paragraph at lines 565--579
[]|| []| 
 []


Overfull \hbox (6.0pt too wide) in paragraph at lines 586--592
[]|| []| 
 []

[46]
Overfull \hbox (6.0pt too wide) in paragraph at lines 619--637
[]|| []| 
 []


Overfull \hbox (6.0pt too wide) in paragraph at lines 645--653
[]|| []| 
 []

[47]
Overfull \hbox (6.0pt too wide) in paragraph at lines 680--698
[]|| []| 
 []


Overfull \hbox (6.0pt too wide) in paragraph at lines 706--711
[]|| []| 
 []

[48]
Overfull \hbox (6.0pt too wide) in paragraph at lines 738--754
[]|| []| 
 []


Overfull \hbox (6.0pt too wide) in paragraph at lines 762--768
[]|| []| 
 []

[49]
Overfull \hbox (6.0pt too wide) in paragraph at lines 795--809
[]|| []| 
 []


Overfull \hbox (6.0pt too wide) in paragraph at lines 816--822
[]|| []| 
 []

[50]
Overfull \hbox (6.0pt too wide) in paragraph at lines 849--865
[]|| []| 
 []


Overfull \hbox (6.0pt too wide) in paragraph at lines 872--878
[]|| []| 
 []

) [51] (partes/diagramas/Diagrama_de_Classes.tex [52] [53]
<imagens/Diagrama-de-classes.png, id=1376, 2901.84125pt x 2502.34875pt>
File: imagens/Diagrama-de-classes.png Graphic file (type png)
<use imagens/Diagrama-de-classes.png>
Package pdftex.def Info: imagens/Diagrama-de-classes.png  used on input line 19
.
(pdftex.def)             Requested size: 455.24411pt x 392.55653pt.
) [54 <./imagens/Diagrama-de-classes.png>] [55] [56] (partes/diagramas/arquitet
ura-backend.tex
<imagens/backend.png, id=1398, 1808.7575pt x 1728.4575pt>
File: imagens/backend.png Graphic file (type png)
<use imagens/backend.png>
Package pdftex.def Info: imagens/backend.png  used on input line 5.
(pdftex.def)             Requested size: 409.71692pt x 391.52357pt.
)
(partes/diagramas/arquitetura-frontend.tex
<imagens/frontend.png, id=1399, 1808.7575pt x 1367.1075pt>
File: imagens/frontend.png Graphic file (type png)
<use imagens/frontend.png>
Package pdftex.def Info: imagens/frontend.png  used on input line 6.
(pdftex.def)             Requested size: 409.71692pt x 309.67195pt.
 [57 <./imagens/backend.png>])
(partes/diagramas/der.tex [58 <./imagens/frontend.png>]
<imagens/DER.png, id=1412, 1025.8325pt x 495.8525pt>
File: imagens/DER.png Graphic file (type png)
<use imagens/DER.png>
Package pdftex.def Info: imagens/DER.png  used on input line 15.
(pdftex.def)             Requested size: 409.71692pt x 198.0424pt.
 [59 <./imagens/DER.png>])
<imagens/home.png, id=1419, 1445.4pt x 903.375pt>
File: imagens/home.png Graphic file (type png)
<use imagens/home.png>
Package pdftex.def Info: imagens/home.png  used on input line 63.
(pdftex.def)             Requested size: 455.24411pt x 284.52328pt.
 [60]
<imagens/dashboard.png, id=1428, 1146.08176pt x 549.252pt>
File: imagens/dashboard.png Graphic file (type png)
<use imagens/dashboard.png>
Package pdftex.def Info: imagens/dashboard.png  used on input line 75.
(pdftex.def)             Requested size: 455.24411pt x 218.17159pt.
 [61 <./imagens/home.png (PNG copy)>]
<imagens/customizartemplate.png, id=1438, 1150.89975pt x 546.24075pt>
File: imagens/customizartemplate.png Graphic file (type png)
<use imagens/customizartemplate.png>
Package pdftex.def Info: imagens/customizartemplate.png  used on input line 87.

(pdftex.def)             Requested size: 455.24411pt x 216.06696pt.
 [62 <./imagens/dashboard.png>]
<imagens/templates.png, id=1447, 1147.28625pt x 545.6385pt>
File: imagens/templates.png Graphic file (type png)
<use imagens/templates.png>
Package pdftex.def Info: imagens/templates.png  used on input line 99.
(pdftex.def)             Requested size: 455.24411pt x 216.50311pt.

[63 <./imagens/customizartemplate.png>]
<imagens/certificados-novo.png, id=1461, 1445.4pt x 903.375pt>
File: imagens/certificados-novo.png Graphic file (type png)
<use imagens/certificados-novo.png>
Package pdftex.def Info: imagens/certificados-novo.png  used on input line 111.

(pdftex.def)             Requested size: 455.24411pt x 284.52328pt.
 [64 <./imagens/templates.png>]
<imagens/certificados.png, id=1472, 1139.457pt x 548.64975pt>
File: imagens/certificados.png Graphic file (type png)
<use imagens/certificados.png>
Package pdftex.def Info: imagens/certificados.png  used on input line 123.
(pdftex.def)             Requested size: 455.24411pt x 219.19649pt.
 [65 <./imagens/certificados-novo.png (PNG copy)>]
<imagens/envios.png, id=1479, 1445.4pt x 903.375pt>
File: imagens/envios.png Graphic file (type png)
<use imagens/envios.png>
Package pdftex.def Info: imagens/envios.png  used on input line 135.
(pdftex.def)             Requested size: 455.24411pt x 284.52328pt.
 [66 <./imagens/certificados.png>]
<imagens/certificado.png, id=1491, 630.55576pt x 443.85825pt>
File: imagens/certificado.png Graphic file (type png)
<use imagens/certificado.png>
Package pdftex.def Info: imagens/certificado.png  used on input line 147.
(pdftex.def)             Requested size: 409.71692pt x 288.41638pt.

[67 <./imagens/envios.png (PNG copy)>]
<imagens/verificar.png, id=1501, 1445.4pt x 903.375pt>
File: imagens/verificar.png Graphic file (type png)
<use imagens/verificar.png>
Package pdftex.def Info: imagens/verificar.png  used on input line 159.
(pdftex.def)             Requested size: 455.24411pt x 284.52328pt.
 [68 <./imagens/certificado.png>]
(partes/diagramas/interfaces.tex) (partes/requisitos/rastreabilidade.tex
[69 <./imagens/verificar.png (PNG copy)>]

Package caption Warning: The type was already set to `table'
(caption)                 on input line 13.
See the caption package documentation for explanation.


Package fancyhdr Warning: \headheight is too small (14.5pt): 
(fancyhdr)                Make it at least 17.69388pt, for example:
(fancyhdr)                \setlength{\headheight}{17.69388pt}.
(fancyhdr)                You might also make \topmargin smaller:
(fancyhdr)                \addtolength{\topmargin}{-3.19388pt}.

[70


])) (partes/software.tex [71


]
<imagens/CIbackend.png, id=1529, 859.41075pt x 353.52075pt>
File: imagens/CIbackend.png Graphic file (type png)
<use imagens/CIbackend.png>
Package pdftex.def Info: imagens/CIbackend.png  used on input line 24.
(pdftex.def)             Requested size: 455.24411pt x 187.2626pt.
<imagens/CIfrontend.png, id=1530, 831.105pt x 345.08925pt>
File: imagens/CIfrontend.png Graphic file (type png)
<use imagens/CIfrontend.png>
Package pdftex.def Info: imagens/CIfrontend.png  used on input line 32.
(pdftex.def)             Requested size: 455.24411pt x 189.02562pt.
 [72 <./imagens/CIbackend.png> <./imagens/CIfrontend.png>] (partes/diagramas/de
ploy.tex
<imagens/deploy.png, id=1537, 2007.5pt x 762.85pt>
File: imagens/deploy.png Graphic file (type png)
<use imagens/deploy.png>
Package pdftex.def Info: imagens/deploy.png  used on input line 5.
(pdftex.def)             Requested size: 386.96027pt x 147.03822pt.
 [73])
Package hyperref Info: bookmark level for unknown lstlisting defaults to 0 on i
nput line 71.
LaTeX Font Info:    Font shape `T1/cmtt/bx/n' in size <10.95> not available
(Font)              Font shape `T1/cmtt/m/n' tried instead on input line 72.
 [74 <./imagens/deploy.png>]
[75] [76] [77] [78] [79] (partes/plano_testes.tex [80]
Overfull \hbox (33.77357pt too wide) in alignment at lines 23--29
 [] [] [] [] 
 []


Overfull \hbox (33.77357pt too wide) in alignment at lines 29--33
 [] [] [] [] 
 []


Overfull \hbox (33.77357pt too wide) in alignment at lines 33--35
 [] [] [] [] 
 []


Overfull \hbox (33.77357pt too wide) in alignment at lines 35--37
 [] [] [] [] 
 []


Underfull \hbox (badness 3386) in paragraph at lines 44--44
[]|\T1/phv/m/n/10.95 Obtenção de tem-plate
 []


Underfull \hbox (badness 10000) in paragraph at lines 47--47
[]|\T1/phv/m/n/10.95 Personalização de
 []


Underfull \hbox (badness 1584) in paragraph at lines 53--53
[]|\T1/phv/m/n/10.95 Selecionar tem-plate, pre-en-cher da-dos e
 []


Underfull \hbox (badness 1590) in paragraph at lines 55--55
[]|\T1/phv/m/n/10.95 Geração de PDF com
 []


Underfull \hbox (badness 7486) in paragraph at lines 55--55
[]|\T1/phv/m/n/10.95 PDF é ge-rado com \T1/cmtt/m/n/10.95 backgroundColor\T1/ph
v/m/n/10.95 ,
 []


Underfull \hbox (badness 1590) in paragraph at lines 56--56
[]|\T1/phv/m/n/10.95 Geração de PDF sem
 []


Underfull \hbox (badness 10000) in paragraph at lines 56--56
[]|\T1/phv/m/n/10.95 PDF é ge-rado cor-re-ta-mente com
 []


Underfull \hbox (badness 6944) in paragraph at lines 58--58
[]|\T1/phv/m/sl/10.95 Endpoint \T1/phv/m/n/10.95 re-torna cer-ti-fi-cado es-pe-
cí-fico;
 []


Underfull \hbox (badness 6204) in paragraph at lines 60--60
[]|\T1/phv/m/n/10.95 Atualização de cer-ti-fi-
 []


Underfull \hbox (badness 10000) in paragraph at lines 60--60
[]|\T1/phv/m/n/10.95 Nome, CPF, carga ho-rá-ria, curso e
 []


Underfull \hbox (badness 3701) in paragraph at lines 60--60
\T1/cmtt/m/n/10.95 templateId \T1/phv/m/n/10.95 são al-te-ra-dos in-di-vi-dual 
ou
 []


Underfull \hbox (badness 10000) in paragraph at lines 64--64
[]|\T1/phv/m/n/10.95 CPF é au-to-ma-ti-ca-mente for-ma-tado
 []


Underfull \hbox (badness 1394) in paragraph at lines 65--65
[]|\T1/phv/m/n/10.95 Emissão com tem-plate
 []


Underfull \hbox (badness 10000) in paragraph at lines 71--71
[]|\T1/phv/m/n/10.95 Validação via có-digo
 []


Underfull \hbox (badness 4072) in paragraph at lines 75--75
[]|\T1/phv/m/n/10.95 Remoção de más-cara
 []


Underfull \hbox (badness 1057) in paragraph at lines 76--76
[]|\T1/phv/m/n/10.95 Tratamento de erro na
 []

LaTeX Font Info:    Font shape `T1/phv/b/it' in size <10.95> not available
(Font)              Font shape `T1/phv/b/sl' tried instead on input line 79.

Underfull \hbox (badness 1472) in paragraph at lines 87--87
[]|\T1/phv/m/n/10.95 Cálculo de cer-ti-fi-ca-dos
 []


Underfull \hbox (badness 2142) in paragraph at lines 87--87
[]|\T1/phv/m/n/10.95 Certificados ex-pi-ra-dos são ex-clu-í-dos da
 []


Underfull \hbox (badness 4582) in paragraph at lines 93--93
[]|\T1/phv/m/n/10.95 Criação de cer-ti-fi-cado
 []


Underfull \hbox (badness 1565) in paragraph at lines 94--94
[]|\T1/phv/m/n/10.95 Nome va-zio, CPF in-vá-lido, curso va-zio,
 []


Underfull \hbox (badness 3780) in paragraph at lines 95--95
[]|\T1/phv/m/n/10.95 Certificado com va-li-dade fu-tura re-torna
 []


Underfull \hbox (badness 1436) in paragraph at lines 96--96
[]|\T1/phv/m/n/10.95 Data de va-li-dade pas-
 []


Underfull \hbox (badness 1028) in paragraph at lines 99--99
[]|\T1/phv/m/n/10.95 Geração de có-digo de
 []


Underfull \hbox (badness 10000) in paragraph at lines 101--101
[]|\T1/phv/m/n/10.95 Classes de erro
 []


Underfull \hbox (badness 10000) in paragraph at lines 101--101
\T1/phv/m/n/10.95 (\T1/cmtt/m/n/10.95 CertificateNotFoundError\T1/phv/m/n/10.95
 ,
 []


Underfull \hbox (badness 1783) in paragraph at lines 101--101
\T1/cmtt/m/n/10.95 InvalidCPFError\T1/phv/m/n/10.95 , etc.) pos-suem men-
 []


Underfull \hbox (badness 1616) in paragraph at lines 110--110
[]|\T1/phv/m/n/10.95 Repositório de tem-pla-
 []


Underfull \hbox (badness 1616) in paragraph at lines 111--111
[]|\T1/phv/m/n/10.95 Repositório de tem-pla-
 []


Underfull \hbox (badness 1590) in paragraph at lines 112--112
[]|\T1/phv/m/n/10.95 Geração de PDF com
 []


Underfull \hbox (badness 1735) in paragraph at lines 120--120
[]|\T1/phv/m/n/10.95 Serviço de en-vios (\T1/phv/m/sl/10.95 lo-
 []


Underfull \hbox (badness 5359) in paragraph at lines 129--129
[]|\T1/phv/m/n/10.95 Segurança ^^V Acesso
 []


Underfull \hbox (badness 10000) in paragraph at lines 130--130
[]|\T1/phv/m/n/10.95 Segurança ^^V Força
 []


Overfull \hbox (33.77357pt too wide) in alignment at lines 37--149
 [] [] [] [] 
 []

ignored error: Infinite glue shrinkage found in box being split [81]
ignored error: Infinite glue shrinkage found in box being split [82]
ignored error: Infinite glue shrinkage found in box being split [83]
ignored error: Infinite glue shrinkage found in box being split [84]
ignored error: Infinite glue shrinkage found in box being split [85]) [86]
<imagens/coverage-frontend.png, id=1755, 963.6pt x 278.54062pt>
File: imagens/coverage-frontend.png Graphic file (type png)
<use imagens/coverage-frontend.png>
Package pdftex.def Info: imagens/coverage-frontend.png  used on input line 241.

(pdftex.def)             Requested size: 455.24411pt x 131.59413pt.

[87 <./imagens/coverage-frontend.png>]
<imagens/coverage-backend.png, id=1768, 1284.8pt x 722.7pt>
File: imagens/coverage-backend.png Graphic file (type png)
<use imagens/coverage-backend.png>
Package pdftex.def Info: imagens/coverage-backend.png  used on input line 257.
(pdftex.def)             Requested size: 455.24411pt x 256.06956pt.

Overfull \hbox (6.22522pt too wide) in paragraph at lines 261--262
[]\T1/phv/m/n/12 O bac-kend atin-giu 96,53% de co-ber-tura de co-man-dos, 92,24
% de ra-mos, 95,87%
 []


Overfull \hbox (6.52336pt too wide) in paragraph at lines 261--262
\T1/phv/m/sl/12 main/errors\T1/phv/m/n/12 , \T1/phv/m/sl/12 domain/value-object
s\T1/phv/m/n/12 , \T1/phv/m/sl/12 in-fras-truc-ture/repositories\T1/phv/m/n/12 
, \T1/phv/m/sl/12 mid-dleware \T1/phv/m/n/12 e \T1/phv/m/sl/12 sha-red/utils
 []

[88 <./imagens/coverage-backend.png (PNG copy)>]
<imagens/e2e-report.png, id=1775, 752.0597pt x 265.74281pt>
File: imagens/e2e-report.png Graphic file (type png)
<use imagens/e2e-report.png>
Package pdftex.def Info: imagens/e2e-report.png  used on input line 274.
(pdftex.def)             Requested size: 455.24411pt x 160.86612pt.
 [89 <./imagens/e2e-report.png>]
LaTeX Font Info:    Font shape `T1/phv/m/it' in size <10> not available
(Font)              Font shape `T1/phv/m/sl' tried instead on input line 303.
) (partes/consideracoes.tex [90] [91]
Overfull \hbox (8.02371pt too wide) in paragraph at lines 13--14
\T1/phv/b/n/12 tes-tes au-to-ma-ti-za-dos\T1/phv/m/n/12 , en-glo-bando tes-tes 
uni-tá-rios (atin-gindo co-ber-tura de 82,6%
 []

[92]
Overfull \hbox (4.63141pt too wide) in paragraph at lines 27--28
[]\T1/phv/b/n/12 Arquitetura De-sa-co-plada e Es-ca-lá-vel: \T1/phv/m/n/12 a se
-gre-ga-ção en-tre \T1/phv/m/sl/12 fron-tend \T1/phv/m/n/12 (Vite/React)
 []

[93] [94]
Overfull \hbox (3.03024pt too wide) in paragraph at lines 53--54
[]\T1/phv/m/n/12 Implementação na-tiva de um mó-dulo de \T1/phv/b/n/12 au-di-to
-ria e con-for-mi-dade com a LGPD\T1/phv/m/n/12 ,
 []

) [95] (main.bbl
Underfull \hbox (badness 2181) in paragraph at lines 16--21
[]\T1/phv/m/n/12 Kulkarni, R. et al. A se-cure cer-ti-fi-cate authen-ti-ca-tion
 sys-tem using cryp-
 []


Underfull \hbox (badness 1077) in paragraph at lines 16--21
\T1/phv/m/n/12 to-graphic hashing and qr code ve-ri-fi-ca-tion. \T1/phv/m/sl/12
 In-ter-na-ti-o-nal Jour-nal of Sci-en-ces
 []


Underfull \hbox (badness 10000) in paragraph at lines 24--29
[]\T1/phv/m/n/12 Google Works-pace. \T1/phv/m/sl/12 Au-to-Crat ^^V Do-cu-ment m
erge tool for Go-
 []


Underfull \hbox (badness 10000) in paragraph at lines 24--29
\T1/phv/m/sl/12 o-gle She-ets\T1/phv/m/n/12 . 2025. Acesso em: 08 jul. 2026. Di
s-po-ní-vel em:
 []


Underfull \hbox (badness 2261) in paragraph at lines 39--43
[]\T1/phv/m/n/12 Gaurav, K. \T1/phv/m/sl/12 Tru-e-Cert --- A production-ready S
aaS plat-form for se-cure di-
 []


Underfull \hbox (badness 2073) in paragraph at lines 39--43
\T1/phv/m/sl/12 gi-tal cer-ti-fi-cate is-su-ance\T1/phv/m/n/12 . 2025. Acesso e
m: 08 jul. 2026. Dis-po-ní-vel em:
 []


Underfull \hbox (badness 1953) in paragraph at lines 46--50
[]\T1/phv/m/n/12 Autocert. \T1/phv/m/sl/12 Au-to-Cert --- Ge-ra-dor de Cer-ti-f
i-ca-dos Au-to-má-tico com QR Code
 []


Underfull \hbox (badness 6510) in paragraph at lines 46--50
\T1/phv/m/sl/12 e Va-li-da-ção On-line\T1/phv/m/n/12 . 2025. Acesso em: 08 jul.
 2026. Dis-po-ní-vel em:
 []

[96]
Underfull \hbox (badness 10000) in paragraph at lines 96--98
[]\T1/phv/m/n/12 Labs, T. \T1/phv/m/sl/12 Tailwind CSS Do-cu-men-ta-tion\T1/phv
/m/n/12 . 2025. Dis-po-ní-vel em:
 []


Underfull \hbox (badness 10000) in paragraph at lines 101--103
[]\T1/phv/m/n/12 shadcn. \T1/phv/m/sl/12 shadcn/ui Do-cu-men-ta-tion\T1/phv/m/n
/12 . 2025. Dis-po-ní-vel em:
 []


Underfull \hbox (badness 10000) in paragraph at lines 122--124
[]\T1/phv/m/n/12 Group, R. \T1/phv/m/sl/12 Re-charts Do-cu-men-ta-tion\T1/phv/m
/n/12 . 2025. Dis-po-ní-vel em:
 []


Underfull \hbox (badness 10000) in paragraph at lines 127--129
[]\T1/phv/m/n/12 Contributors date-fns. \T1/phv/m/sl/12 date-fns Do-cu-men-ta-t
ion\T1/phv/m/n/12 . 2025. Dis-po-ní-vel em:
 []


Underfull \hbox (badness 10000) in paragraph at lines 142--144
[]\T1/phv/m/n/12 Foundation, O. \T1/phv/m/sl/12 Node.js Do-cu-men-ta-tion\T1/ph
v/m/n/12 . 2025. Dis-po-ní-vel em:
 []


Underfull \hbox (badness 10000) in paragraph at lines 147--149
[]\T1/phv/m/n/12 Supabase. \T1/phv/m/sl/12 Su-pa-base Do-cu-men-ta-tion\T1/phv/
m/n/12 . 2025. Dis-po-ní-vel em:
 []

[97]
Underfull \hbox (badness 10000) in paragraph at lines 152--154
[]\T1/phv/m/n/12 Group, P. G. D. \T1/phv/m/sl/12 Post-greSQL Do-cu-men-ta-tion\
T1/phv/m/n/12 . 2025. Dis-po-ní-vel em:
 []


Underfull \hbox (badness 10000) in paragraph at lines 163--165
[]\T1/phv/m/n/12 Foundation, O. \T1/phv/m/sl/12 uuid ^^V npm pac-kage\T1/phv/m/
n/12 . 2025. Dis-po-ní-vel em:
 []


Underfull \hbox (badness 10000) in paragraph at lines 174--176
[]\T1/phv/m/n/12 Render. \T1/phv/m/sl/12 Ren-der Do-cu-men-ta-tion\T1/phv/m/n/1
2 . 2025. Dis-po-ní-vel em:
 []


Underfull \hbox (badness 10000) in paragraph at lines 179--181
[]\T1/phv/m/n/12 Foundation, O. \T1/phv/m/sl/12 Jest Do-cu-men-ta-tion\T1/phv/m
/n/12 . 2025. Dis-po-ní-vel em:
 []


Underfull \hbox (badness 10000) in paragraph at lines 184--186
[]\T1/phv/m/n/12 Foundation, O. \T1/phv/m/sl/12 ES-Lint Do-cu-men-ta-tion\T1/ph
v/m/n/12 . 2025. Dis-po-ní-vel em:
 []


Underfull \hbox (badness 10000) in paragraph at lines 189--191
[]\T1/phv/m/n/12 Contributors, P. \T1/phv/m/sl/12 Pret-tier Do-cu-men-ta-tion\T
1/phv/m/n/12 . 2025. Dis-po-ní-vel em:
 []


Underfull \hbox (badness 1248) in paragraph at lines 194--196
[]\T1/phv/m/n/12 Conservancy, S. F. \T1/phv/m/sl/12 Git Do-cu-men-ta-tion\T1/ph
v/m/n/12 . 2025. Dis-po-ní-vel em: $\OML/cmm/m/it/12 <$\T1/phv/m/n/12 https://g
it-
 []


Underfull \hbox (badness 10000) in paragraph at lines 199--201
[]\T1/phv/m/n/12 Github, I. \T1/phv/m/sl/12 GitHub Do-cu-men-ta-tion\T1/phv/m/n
/12 . 2025. Dis-po-ní-vel em:
 []


Underfull \hbox (badness 10000) in paragraph at lines 204--206
[]\T1/phv/m/n/12 Microsoft. \T1/phv/m/sl/12 Vi-sual Stu-dio Code Do-cu-men-ta-t
ion\T1/phv/m/n/12 . 2025. Dis-po-ní-vel em:
 []


Underfull \hbox (badness 7558) in paragraph at lines 209--212
[]\T1/phv/m/n/12 Krämer, F. \T1/phv/m/sl/12 Sim-ple but use-ful: Use Case Ta-bl
es\T1/phv/m/n/12 . 2024. Dis-po-ní-vel
 []


Underfull \hbox (badness 10000) in paragraph at lines 209--212
\T1/phv/m/n/12 em: $\OML/cmm/m/it/12 <$\T1/phv/m/n/12 https://florian-kraemer.n
et/software-architecture/2024/02/28/Use-Case-
 []

) [98] (partes/anexos.tex [99]) [100] (main.aux)
 ***********
LaTeX2e <2025-11-01>
L3 programming layer <2025-12-24>
 ***********
Package rerunfilecheck Info: File `main.out' has not changed.
(rerunfilecheck)             Checksum: 19FB2D9F6F12F251F67CC388338EEDB6;18862.
 ) 
Here is how much of TeX's memory you used:
 30877 strings out of 467871
 591394 string characters out of 5418376
 1299844 words of memory out of 5000000
 58547 multiletter control sequences out of 15000+600000
 681072 words of font info for 107 fonts, out of 8000000 for 9000
 1141 hyphenation exceptions out of 8191
 84i,18n,94p,1924b,2132s stack positions out of 10000i,1000n,20000p,200000b,200000s
 <C:\Users\franc\AppData\Local\MiKTeX\fonts/pk/ljfour/jknappen/ec/dpi600\ectt
1000.pk> <C:\Users\franc\AppData\Local\MiKTeX\fonts/pk/ljfour/jknappen/ec/dpi60
0\ectt1095.pk> <C:\Users\franc\AppData\Local\MiKTeX\fonts/pk/ljfour/jknappen/ec
/dpi600\ectt1200.pk><C:/Users/franc/AppData/Local/Programs/MiKTeX/fonts/type1/p
ublic/amsfonts/cm/cmmi12.pfb><C:/Users/franc/AppData/Local/Programs/MiKTeX/font
s/type1/public/amsfonts/cm/cmsy10.pfb><C:/Users/franc/AppData/Local/Programs/Mi
KTeX/fonts/type1/urw/helvetic/uhvb8a.pfb><C:/Users/franc/AppData/Local/Programs
/MiKTeX/fonts/type1/urw/helvetic/uhvbo8a.pfb><C:/Users/franc/AppData/Local/Prog
rams/MiKTeX/fonts/type1/urw/helvetic/uhvr8a.pfb><C:/Users/franc/AppData/Local/P
rograms/MiKTeX/fonts/type1/urw/helvetic/uhvro8a.pfb>
Output written on main.pdf (112 pages, 1938281 bytes).
PDF statistics:
 2164 PDF objects out of 2487 (max. 8388607)
 603 named destinations out of 1000 (max. 500000)
 985 words of extra memory for PDF output out of 10000 (max. 10000000)

